Archive member included to satisfy reference by file (symbol)

c:/program files (x86)/atmel/studio/7.0/toolchain/avr8/avr8-gnu-toolchain/bin/../lib/gcc/avr/5.4.0/../../../../avr/lib/avr5\libm.a(addsf3.o)
                              HAL/LCD/LCD_Interfacing.o (__subsf3)
c:/program files (x86)/atmel/studio/7.0/toolchain/avr8/avr8-gnu-toolchain/bin/../lib/gcc/avr/5.4.0/../../../../avr/lib/avr5\libm.a(addsf3x.o)
                              c:/program files (x86)/atmel/studio/7.0/toolchain/avr8/avr8-gnu-toolchain/bin/../lib/gcc/avr/5.4.0/../../../../avr/lib/avr5\libm.a(addsf3.o) (__addsf3x)
c:/program files (x86)/atmel/studio/7.0/toolchain/avr8/avr8-gnu-toolchain/bin/../lib/gcc/avr/5.4.0/../../../../avr/lib/avr5\libm.a(fixsfsi.o)
                              HAL/LCD/LCD_Interfacing.o (__fixsfsi)
c:/program files (x86)/atmel/studio/7.0/toolchain/avr8/avr8-gnu-toolchain/bin/../lib/gcc/avr/5.4.0/../../../../avr/lib/avr5\libm.a(fixunssfsi.o)
                              c:/program files (x86)/atmel/studio/7.0/toolchain/avr8/avr8-gnu-toolchain/bin/../lib/gcc/avr/5.4.0/../../../../avr/lib/avr5\libm.a(fixsfsi.o) (__fixunssfsi)
c:/program files (x86)/atmel/studio/7.0/toolchain/avr8/avr8-gnu-toolchain/bin/../lib/gcc/avr/5.4.0/../../../../avr/lib/avr5\libm.a(floatsisf.o)
                              HAL/LCD/LCD_Interfacing.o (__floatsisf)
c:/program files (x86)/atmel/studio/7.0/toolchain/avr8/avr8-gnu-toolchain/bin/../lib/gcc/avr/5.4.0/../../../../avr/lib/avr5\libm.a(fp_inf.o)
                              c:/program files (x86)/atmel/studio/7.0/toolchain/avr8/avr8-gnu-toolchain/bin/../lib/gcc/avr/5.4.0/../../../../avr/lib/avr5\libm.a(addsf3x.o) (__fp_inf)
c:/program files (x86)/atmel/studio/7.0/toolchain/avr8/avr8-gnu-toolchain/bin/../lib/gcc/avr/5.4.0/../../../../avr/lib/avr5\libm.a(fp_nan.o)
                              c:/program files (x86)/atmel/studio/7.0/toolchain/avr8/avr8-gnu-toolchain/bin/../lib/gcc/avr/5.4.0/../../../../avr/lib/avr5\libm.a(addsf3x.o) (__fp_nan)
c:/program files (x86)/atmel/studio/7.0/toolchain/avr8/avr8-gnu-toolchain/bin/../lib/gcc/avr/5.4.0/../../../../avr/lib/avr5\libm.a(fp_pscA.o)
                              c:/program files (x86)/atmel/studio/7.0/toolchain/avr8/avr8-gnu-toolchain/bin/../lib/gcc/avr/5.4.0/../../../../avr/lib/avr5\libm.a(addsf3x.o) (__fp_pscA)
c:/program files (x86)/atmel/studio/7.0/toolchain/avr8/avr8-gnu-toolchain/bin/../lib/gcc/avr/5.4.0/../../../../avr/lib/avr5\libm.a(fp_pscB.o)
                              c:/program files (x86)/atmel/studio/7.0/toolchain/avr8/avr8-gnu-toolchain/bin/../lib/gcc/avr/5.4.0/../../../../avr/lib/avr5\libm.a(addsf3x.o) (__fp_pscB)
c:/program files (x86)/atmel/studio/7.0/toolchain/avr8/avr8-gnu-toolchain/bin/../lib/gcc/avr/5.4.0/../../../../avr/lib/avr5\libm.a(fp_round.o)
                              c:/program files (x86)/atmel/studio/7.0/toolchain/avr8/avr8-gnu-toolchain/bin/../lib/gcc/avr/5.4.0/../../../../avr/lib/avr5\libm.a(addsf3.o) (__fp_round)
c:/program files (x86)/atmel/studio/7.0/toolchain/avr8/avr8-gnu-toolchain/bin/../lib/gcc/avr/5.4.0/../../../../avr/lib/avr5\libm.a(fp_split3.o)
                              c:/program files (x86)/atmel/studio/7.0/toolchain/avr8/avr8-gnu-toolchain/bin/../lib/gcc/avr/5.4.0/../../../../avr/lib/avr5\libm.a(addsf3x.o) (__fp_split3)
c:/program files (x86)/atmel/studio/7.0/toolchain/avr8/avr8-gnu-toolchain/bin/../lib/gcc/avr/5.4.0/../../../../avr/lib/avr5\libm.a(fp_zero.o)
                              c:/program files (x86)/atmel/studio/7.0/toolchain/avr8/avr8-gnu-toolchain/bin/../lib/gcc/avr/5.4.0/../../../../avr/lib/avr5\libm.a(addsf3x.o) (__fp_zero)
c:/program files (x86)/atmel/studio/7.0/toolchain/avr8/avr8-gnu-toolchain/bin/../lib/gcc/avr/5.4.0/../../../../avr/lib/avr5\libm.a(mulsf3.o)
                              HAL/LCD/LCD_Interfacing.o (__mulsf3)
c:/program files (x86)/atmel/studio/7.0/toolchain/avr8/avr8-gnu-toolchain/bin/../lib/gcc/avr/5.4.0/../../../../avr/lib/avr5\libm.a(mulsf3x.o)
                              c:/program files (x86)/atmel/studio/7.0/toolchain/avr8/avr8-gnu-toolchain/bin/../lib/gcc/avr/5.4.0/../../../../avr/lib/avr5\libm.a(mulsf3.o) (__mulsf3x)
c:/program files (x86)/atmel/studio/7.0/toolchain/avr8/avr8-gnu-toolchain/bin/../lib/gcc/avr/5.4.0/../../../../avr/lib/avr5\libm.a(pow.o)
                              HAL/LCD/LCD_Interfacing.o (pow)
c:/program files (x86)/atmel/studio/7.0/toolchain/avr8/avr8-gnu-toolchain/bin/../lib/gcc/avr/5.4.0/../../../../avr/lib/avr5\libm.a(exp.o)
                              c:/program files (x86)/atmel/studio/7.0/toolchain/avr8/avr8-gnu-toolchain/bin/../lib/gcc/avr/5.4.0/../../../../avr/lib/avr5\libm.a(pow.o) (exp)
c:/program files (x86)/atmel/studio/7.0/toolchain/avr8/avr8-gnu-toolchain/bin/../lib/gcc/avr/5.4.0/../../../../avr/lib/avr5\libm.a(fp_powser.o)
                              c:/program files (x86)/atmel/studio/7.0/toolchain/avr8/avr8-gnu-toolchain/bin/../lib/gcc/avr/5.4.0/../../../../avr/lib/avr5\libm.a(exp.o) (__fp_powser)
c:/program files (x86)/atmel/studio/7.0/toolchain/avr8/avr8-gnu-toolchain/bin/../lib/gcc/avr/5.4.0/../../../../avr/lib/avr5\libm.a(inverse.o)
                              c:/program files (x86)/atmel/studio/7.0/toolchain/avr8/avr8-gnu-toolchain/bin/../lib/gcc/avr/5.4.0/../../../../avr/lib/avr5\libm.a(exp.o) (inverse)
c:/program files (x86)/atmel/studio/7.0/toolchain/avr8/avr8-gnu-toolchain/bin/../lib/gcc/avr/5.4.0/../../../../avr/lib/avr5\libm.a(ldexp.o)
                              c:/program files (x86)/atmel/studio/7.0/toolchain/avr8/avr8-gnu-toolchain/bin/../lib/gcc/avr/5.4.0/../../../../avr/lib/avr5\libm.a(exp.o) (ldexp)
c:/program files (x86)/atmel/studio/7.0/toolchain/avr8/avr8-gnu-toolchain/bin/../lib/gcc/avr/5.4.0/../../../../avr/lib/avr5\libm.a(log.o)
                              c:/program files (x86)/atmel/studio/7.0/toolchain/avr8/avr8-gnu-toolchain/bin/../lib/gcc/avr/5.4.0/../../../../avr/lib/avr5\libm.a(pow.o) (log)
c:/program files (x86)/atmel/studio/7.0/toolchain/avr8/avr8-gnu-toolchain/bin/../lib/gcc/avr/5.4.0/../../../../avr/lib/avr5\libm.a(modf.o)
                              c:/program files (x86)/atmel/studio/7.0/toolchain/avr8/avr8-gnu-toolchain/bin/../lib/gcc/avr/5.4.0/../../../../avr/lib/avr5\libm.a(exp.o) (modf)
c:/program files (x86)/atmel/studio/7.0/toolchain/avr8/avr8-gnu-toolchain/bin/../lib/gcc/avr/5.4.0/../../../../avr/lib/avr5\libm.a(divsf3.o)
                              c:/program files (x86)/atmel/studio/7.0/toolchain/avr8/avr8-gnu-toolchain/bin/../lib/gcc/avr/5.4.0/../../../../avr/lib/avr5\libm.a(inverse.o) (__divsf3)
c:/program files (x86)/atmel/studio/7.0/toolchain/avr8/avr8-gnu-toolchain/bin/../lib/gcc/avr/5.4.0/../../../../avr/lib/avr5\libm.a(divsf3x.o)
                              c:/program files (x86)/atmel/studio/7.0/toolchain/avr8/avr8-gnu-toolchain/bin/../lib/gcc/avr/5.4.0/../../../../avr/lib/avr5\libm.a(divsf3.o) (__divsf3x)
c:/program files (x86)/atmel/studio/7.0/toolchain/avr8/avr8-gnu-toolchain/bin/../lib/gcc/avr/5.4.0/../../../../avr/lib/avr5\libm.a(fp_mpack.o)
                              c:/program files (x86)/atmel/studio/7.0/toolchain/avr8/avr8-gnu-toolchain/bin/../lib/gcc/avr/5.4.0/../../../../avr/lib/avr5\libm.a(ldexp.o) (__fp_mpack)
c:/program files (x86)/atmel/studio/7.0/toolchain/avr8/avr8-gnu-toolchain/bin/../lib/gcc/avr/5.4.0/avr5\libgcc.a(_divmodhi4.o)
                              HAL/LCD/LCD_Interfacing.o (__divmodhi4)
c:/program files (x86)/atmel/studio/7.0/toolchain/avr8/avr8-gnu-toolchain/bin/../lib/gcc/avr/5.4.0/avr5\libgcc.a(_udivmodsi4.o)
                              MCAL/timer00/TIMER_Interface.o (__udivmodsi4)
c:/program files (x86)/atmel/studio/7.0/toolchain/avr8/avr8-gnu-toolchain/bin/../lib/gcc/avr/5.4.0/avr5\libgcc.a(_exit.o)
                              C:/Program Files (x86)/Atmel/Studio/7.0/Packs/atmel/ATmega_DFP/1.0.106/gcc/dev/atmega32/avr5/crtatmega32.o (exit)
c:/program files (x86)/atmel/studio/7.0/toolchain/avr8/avr8-gnu-toolchain/bin/../lib/gcc/avr/5.4.0/avr5\libgcc.a(_tablejump2.o)
                              MCAL/ADC/ADC_Interfacing.o (__tablejump2__)
c:/program files (x86)/atmel/studio/7.0/toolchain/avr8/avr8-gnu-toolchain/bin/../lib/gcc/avr/5.4.0/avr5\libgcc.a(_copy_data.o)
                              APP/main.o (__do_copy_data)
c:/program files (x86)/atmel/studio/7.0/toolchain/avr8/avr8-gnu-toolchain/bin/../lib/gcc/avr/5.4.0/avr5\libgcc.a(_clear_bss.o)
                              MCAL/timer00/TIMER_Interface.o (__do_clear_bss)
c:/program files (x86)/atmel/studio/7.0/toolchain/avr8/avr8-gnu-toolchain/bin/../lib/gcc/avr/5.4.0/avr5\libgcc.a(_umulhisi3.o)
                              APP/main.o (__umulhisi3)
c:/program files (x86)/atmel/studio/7.0/toolchain/avr8/avr8-gnu-toolchain/bin/../lib/gcc/avr/5.4.0/avr5\libgcc.a(_muluhisi3.o)
                              MCAL/timer00/TIMER_Interface.o (__muluhisi3)
c:/program files (x86)/atmel/studio/7.0/toolchain/avr8/avr8-gnu-toolchain/bin/../lib/gcc/avr/5.4.0/avr5\libgcc.a(_udivmodhi4.o)
                              c:/program files (x86)/atmel/studio/7.0/toolchain/avr8/avr8-gnu-toolchain/bin/../lib/gcc/avr/5.4.0/avr5\libgcc.a(_divmodhi4.o) (__udivmodhi4)
c:/program files (x86)/atmel/studio/7.0/toolchain/avr8/avr8-gnu-toolchain/bin/../lib/gcc/avr/5.4.0/../../../../avr/lib/avr5\libc.a(ltoa.o)
                              HAL/LCD/LCD_Interfacing.o (ltoa)
c:/program files (x86)/atmel/studio/7.0/toolchain/avr8/avr8-gnu-toolchain/bin/../lib/gcc/avr/5.4.0/../../../../avr/lib/avr5\libc.a(ltoa_ncheck.o)
                              c:/program files (x86)/atmel/studio/7.0/toolchain/avr8/avr8-gnu-toolchain/bin/../lib/gcc/avr/5.4.0/../../../../avr/lib/avr5\libc.a(ltoa.o) (__ltoa_ncheck)
c:/program files (x86)/atmel/studio/7.0/toolchain/avr8/avr8-gnu-toolchain/bin/../lib/gcc/avr/5.4.0/../../../../avr/lib/avr5\libc.a(ultoa_ncheck.o)
                              c:/program files (x86)/atmel/studio/7.0/toolchain/avr8/avr8-gnu-toolchain/bin/../lib/gcc/avr/5.4.0/../../../../avr/lib/avr5\libc.a(ltoa_ncheck.o) (__ultoa_common)
c:/program files (x86)/atmel/studio/7.0/toolchain/avr8/avr8-gnu-toolchain/bin/../lib/gcc/avr/5.4.0/../../../../avr/lib/avr5\libc.a(strrev.o)
                              c:/program files (x86)/atmel/studio/7.0/toolchain/avr8/avr8-gnu-toolchain/bin/../lib/gcc/avr/5.4.0/../../../../avr/lib/avr5\libc.a(ultoa_ncheck.o) (strrev)

Discarded input sections

 .data          0x00000000        0x0 C:/Program Files (x86)/Atmel/Studio/7.0/Packs/atmel/ATmega_DFP/1.0.106/gcc/dev/atmega32/avr5/crtatmega32.o
 .bss           0x00000000        0x0 C:/Program Files (x86)/Atmel/Studio/7.0/Packs/atmel/ATmega_DFP/1.0.106/gcc/dev/atmega32/avr5/crtatmega32.o
 .text          0x00000000        0x0 APP/main.o
 .data          0x00000000        0x0 APP/main.o
 .bss           0x00000000        0x0 APP/main.o
 .text          0x00000000        0x0 HAL/Button1/Button1_interfacing.o
 .data          0x00000000        0x0 HAL/Button1/Button1_interfacing.o
 .bss           0x00000000        0x0 HAL/Button1/Button1_interfacing.o
 .text.BTN1_Initialization
                0x00000000       0x14 HAL/Button1/Button1_interfacing.o
 .text.BTN1_Read
                0x00000000       0x16 HAL/Button1/Button1_interfacing.o
 .debug_info    0x00000000      0x25b HAL/Button1/Button1_interfacing.o
 .debug_abbrev  0x00000000      0x143 HAL/Button1/Button1_interfacing.o
 .debug_loc     0x00000000       0x67 HAL/Button1/Button1_interfacing.o
 .debug_aranges
                0x00000000       0x28 HAL/Button1/Button1_interfacing.o
 .debug_ranges  0x00000000       0x18 HAL/Button1/Button1_interfacing.o
 .debug_line    0x00000000      0x182 HAL/Button1/Button1_interfacing.o
 .debug_str     0x00000000      0x2d5 HAL/Button1/Button1_interfacing.o
 .comment       0x00000000       0x31 HAL/Button1/Button1_interfacing.o
 .debug_frame   0x00000000       0x34 HAL/Button1/Button1_interfacing.o
 .text          0x00000000        0x0 HAL/BUZZER/BUZZER_Interfacing.o
 .data          0x00000000        0x0 HAL/BUZZER/BUZZER_Interfacing.o
 .bss           0x00000000        0x0 HAL/BUZZER/BUZZER_Interfacing.o
 .text.BUZZER_TGL
                0x00000000        0xa HAL/BUZZER/BUZZER_Interfacing.o
 .text          0x00000000        0x0 HAL/DCMOTOR/MOTOR_Interface.o
 .data          0x00000000        0x0 HAL/DCMOTOR/MOTOR_Interface.o
 .bss           0x00000000        0x0 HAL/DCMOTOR/MOTOR_Interface.o
 .text          0x00000000        0x0 HAL/KEYPAD/Keypad_Interfacing.o
 .data          0x00000000        0x0 HAL/KEYPAD/Keypad_Interfacing.o
 .bss           0x00000000        0x0 HAL/KEYPAD/Keypad_Interfacing.o
 .text.KEYPAD_Initialize
                0x00000000       0x9a HAL/KEYPAD/Keypad_Interfacing.o
 .text.KEYPAD_Read
                0x00000000       0x86 HAL/KEYPAD/Keypad_Interfacing.o
 .rodata.keypad
                0x00000000       0x10 HAL/KEYPAD/Keypad_Interfacing.o
 .debug_info    0x00000000      0x49f HAL/KEYPAD/Keypad_Interfacing.o
 .debug_abbrev  0x00000000      0x16d HAL/KEYPAD/Keypad_Interfacing.o
 .debug_loc     0x00000000      0x162 HAL/KEYPAD/Keypad_Interfacing.o
 .debug_aranges
                0x00000000       0x28 HAL/KEYPAD/Keypad_Interfacing.o
 .debug_ranges  0x00000000       0x18 HAL/KEYPAD/Keypad_Interfacing.o
 .debug_line    0x00000000      0x222 HAL/KEYPAD/Keypad_Interfacing.o
 .debug_str     0x00000000      0x2fc HAL/KEYPAD/Keypad_Interfacing.o
 .comment       0x00000000       0x31 HAL/KEYPAD/Keypad_Interfacing.o
 .debug_frame   0x00000000       0x58 HAL/KEYPAD/Keypad_Interfacing.o
 .text          0x00000000        0x0 HAL/LCD/LCD_Interfacing.o
 .data          0x00000000        0x0 HAL/LCD/LCD_Interfacing.o
 .bss           0x00000000        0x0 HAL/LCD/LCD_Interfacing.o
 .text.reverse  0x00000000       0x2e HAL/LCD/LCD_Interfacing.o
 .text.intToStr
                0x00000000       0x84 HAL/LCD/LCD_Interfacing.o
 .text.ftoa     0x00000000       0xd2 HAL/LCD/LCD_Interfacing.o
 .text.LCD_Write_Float
                0x00000000       0x3c HAL/LCD/LCD_Interfacing.o
 .text.LCD_Location
                0x00000000       0x28 HAL/LCD/LCD_Interfacing.o
 .text.LCD_WriteCustomChar
                0x00000000       0x36 HAL/LCD/LCD_Interfacing.o
 .text          0x00000000        0x0 HAL/LED0/LED0_Interfacing.o
 .data          0x00000000        0x0 HAL/LED0/LED0_Interfacing.o
 .bss           0x00000000        0x0 HAL/LED0/LED0_Interfacing.o
 .text.LED0_ON  0x00000000        0xc HAL/LED0/LED0_Interfacing.o
 .text          0x00000000        0x0 HAL/LED1/LED1_Interfacing.o
 .data          0x00000000        0x0 HAL/LED1/LED1_Interfacing.o
 .bss           0x00000000        0x0 HAL/LED1/LED1_Interfacing.o
 .text.LED1_Initialize
                0x00000000        0xc HAL/LED1/LED1_Interfacing.o
 .text.LED1_ON  0x00000000        0xc HAL/LED1/LED1_Interfacing.o
 .text          0x00000000        0x0 HAL/LED2/LED2_Interfacing.o
 .data          0x00000000        0x0 HAL/LED2/LED2_Interfacing.o
 .bss           0x00000000        0x0 HAL/LED2/LED2_Interfacing.o
 .text.LED2_Initialize
                0x00000000        0xc HAL/LED2/LED2_Interfacing.o
 .text.LED2_OFF
                0x00000000        0xc HAL/LED2/LED2_Interfacing.o
 .text.LED2_TGL
                0x00000000        0xa HAL/LED2/LED2_Interfacing.o
 .text          0x00000000        0x0 HAL/LM35/LM35_Interface.o
 .data          0x00000000        0x0 HAL/LM35/LM35_Interface.o
 .bss           0x00000000        0x0 HAL/LM35/LM35_Interface.o
 .text.Third_LM35_read
                0x00000000       0x28 HAL/LM35/LM35_Interface.o
 .text          0x00000000        0x0 HAL/RELAY/RELAY_Interfacing.o
 .data          0x00000000        0x0 HAL/RELAY/RELAY_Interfacing.o
 .bss           0x00000000        0x0 HAL/RELAY/RELAY_Interfacing.o
 .text.RELAY_Initialize
                0x00000000        0xc HAL/RELAY/RELAY_Interfacing.o
 .text.RELAY_ON
                0x00000000        0xc HAL/RELAY/RELAY_Interfacing.o
 .text.RELAY_OFF
                0x00000000        0xc HAL/RELAY/RELAY_Interfacing.o
 .text.RELAY_TGL
                0x00000000        0xa HAL/RELAY/RELAY_Interfacing.o
 .debug_info    0x00000000      0x1c7 HAL/RELAY/RELAY_Interfacing.o
 .debug_abbrev  0x00000000       0x87 HAL/RELAY/RELAY_Interfacing.o
 .debug_aranges
                0x00000000       0x38 HAL/RELAY/RELAY_Interfacing.o
 .debug_ranges  0x00000000       0x28 HAL/RELAY/RELAY_Interfacing.o
 .debug_line    0x00000000       0xca HAL/RELAY/RELAY_Interfacing.o
 .debug_str     0x00000000      0x243 HAL/RELAY/RELAY_Interfacing.o
 .comment       0x00000000       0x31 HAL/RELAY/RELAY_Interfacing.o
 .debug_frame   0x00000000       0x54 HAL/RELAY/RELAY_Interfacing.o
 .text          0x00000000        0x0 HAL/SERVO_MOTOR/SERVO_Interface.o
 .data          0x00000000        0x0 HAL/SERVO_MOTOR/SERVO_Interface.o
 .bss           0x00000000        0x0 HAL/SERVO_MOTOR/SERVO_Interface.o
 .text.ServoMotor_Initialize
                0x00000000       0x42 HAL/SERVO_MOTOR/SERVO_Interface.o
 .text.ServoMotor_Rotate
                0x00000000       0x2e HAL/SERVO_MOTOR/SERVO_Interface.o
 .debug_info    0x00000000       0xd0 HAL/SERVO_MOTOR/SERVO_Interface.o
 .debug_abbrev  0x00000000       0x78 HAL/SERVO_MOTOR/SERVO_Interface.o
 .debug_loc     0x00000000       0x2c HAL/SERVO_MOTOR/SERVO_Interface.o
 .debug_aranges
                0x00000000       0x28 HAL/SERVO_MOTOR/SERVO_Interface.o
 .debug_ranges  0x00000000       0x18 HAL/SERVO_MOTOR/SERVO_Interface.o
 .debug_line    0x00000000       0xe8 HAL/SERVO_MOTOR/SERVO_Interface.o
 .debug_str     0x00000000      0x1d3 HAL/SERVO_MOTOR/SERVO_Interface.o
 .comment       0x00000000       0x31 HAL/SERVO_MOTOR/SERVO_Interface.o
 .debug_frame   0x00000000       0x34 HAL/SERVO_MOTOR/SERVO_Interface.o
 .text          0x00000000        0x0 HAL/Seven_Segment2/Seven_Segment_interfaing.o
 .data          0x00000000        0x0 HAL/Seven_Segment2/Seven_Segment_interfaing.o
 .bss           0x00000000        0x0 HAL/Seven_Segment2/Seven_Segment_interfaing.o
 .text.SEG2_Initialization
                0x00000000       0x48 HAL/Seven_Segment2/Seven_Segment_interfaing.o
 .rodata        0x00000000        0xb HAL/Seven_Segment2/Seven_Segment_interfaing.o
 .text.SEG2_Dispaly
                0x00000000       0x4a HAL/Seven_Segment2/Seven_Segment_interfaing.o
 .text.SEG2_DisplayChar
                0x00000000        0x4 HAL/Seven_Segment2/Seven_Segment_interfaing.o
 .text.SEG_Stop
                0x00000000       0x48 HAL/Seven_Segment2/Seven_Segment_interfaing.o
 .debug_info    0x00000000      0x38b HAL/Seven_Segment2/Seven_Segment_interfaing.o
 .debug_abbrev  0x00000000      0x112 HAL/Seven_Segment2/Seven_Segment_interfaing.o
 .debug_loc     0x00000000       0x6d HAL/Seven_Segment2/Seven_Segment_interfaing.o
 .debug_aranges
                0x00000000       0x38 HAL/Seven_Segment2/Seven_Segment_interfaing.o
 .debug_ranges  0x00000000       0x28 HAL/Seven_Segment2/Seven_Segment_interfaing.o
 .debug_line    0x00000000      0x1b3 HAL/Seven_Segment2/Seven_Segment_interfaing.o
 .debug_str     0x00000000      0x2c2 HAL/Seven_Segment2/Seven_Segment_interfaing.o
 .comment       0x00000000       0x31 HAL/Seven_Segment2/Seven_Segment_interfaing.o
 .debug_frame   0x00000000       0x64 HAL/Seven_Segment2/Seven_Segment_interfaing.o
 .text          0x00000000        0x0 HAL/SEVEN_SEGMENT/SEVSEG_Interfacing.o
 .data          0x00000000        0x0 HAL/SEVEN_SEGMENT/SEVSEG_Interfacing.o
 .bss           0x00000000        0x0 HAL/SEVEN_SEGMENT/SEVSEG_Interfacing.o
 .text.SEG_Initialzation
                0x00000000       0x48 HAL/SEVEN_SEGMENT/SEVSEG_Interfacing.o
 .text.SEG_ENABLE1
                0x00000000        0xc HAL/SEVEN_SEGMENT/SEVSEG_Interfacing.o
 .text.SEG_ENABLE2
                0x00000000        0xc HAL/SEVEN_SEGMENT/SEVSEG_Interfacing.o
 .text.SEG_DISABLE1
                0x00000000        0xc HAL/SEVEN_SEGMENT/SEVSEG_Interfacing.o
 .text.SEG_DISABLE2
                0x00000000        0xc HAL/SEVEN_SEGMENT/SEVSEG_Interfacing.o
 .text.SEG_ENABLE_DIB
                0x00000000        0xc HAL/SEVEN_SEGMENT/SEVSEG_Interfacing.o
 .text.SEG_DISABLE_DIB
                0x00000000        0xc HAL/SEVEN_SEGMENT/SEVSEG_Interfacing.o
 .text.SEG_DISPALY
                0x00000000       0x20 HAL/SEVEN_SEGMENT/SEVSEG_Interfacing.o
 .debug_info    0x00000000      0x3aa HAL/SEVEN_SEGMENT/SEVSEG_Interfacing.o
 .debug_abbrev  0x00000000       0xd5 HAL/SEVEN_SEGMENT/SEVSEG_Interfacing.o
 .debug_loc     0x00000000       0x48 HAL/SEVEN_SEGMENT/SEVSEG_Interfacing.o
 .debug_aranges
                0x00000000       0x58 HAL/SEVEN_SEGMENT/SEVSEG_Interfacing.o
 .debug_ranges  0x00000000       0x48 HAL/SEVEN_SEGMENT/SEVSEG_Interfacing.o
 .debug_line    0x00000000      0x1d5 HAL/SEVEN_SEGMENT/SEVSEG_Interfacing.o
 .debug_str     0x00000000      0x2d5 HAL/SEVEN_SEGMENT/SEVSEG_Interfacing.o
 .comment       0x00000000       0x31 HAL/SEVEN_SEGMENT/SEVSEG_Interfacing.o
 .debug_frame   0x00000000       0x9c HAL/SEVEN_SEGMENT/SEVSEG_Interfacing.o
 .text          0x00000000        0x0 MCAL/ADC/ADC_Interfacing.o
 .data          0x00000000        0x0 MCAL/ADC/ADC_Interfacing.o
 .bss           0x00000000        0x0 MCAL/ADC/ADC_Interfacing.o
 .text          0x00000000        0x0 MCAL/DIO/DIO_interfacing.o
 .data          0x00000000        0x0 MCAL/DIO/DIO_interfacing.o
 .bss           0x00000000        0x0 MCAL/DIO/DIO_interfacing.o
 .text.DIO_READPIN_VALUE
                0x00000000       0x5c MCAL/DIO/DIO_interfacing.o
 .text.DIO_SETPIN_PULLUP
                0x00000000       0x68 MCAL/DIO/DIO_interfacing.o
 .text.DIO_SETPORT_DIRECTION
                0x00000000       0x50 MCAL/DIO/DIO_interfacing.o
 .text.DIO_SETPORT_VALUE
                0x00000000       0x52 MCAL/DIO/DIO_interfacing.o
 .text.DIO_READPORT_VALUE
                0x00000000       0x24 MCAL/DIO/DIO_interfacing.o
 .text.DIO_TOGPORT_VALUE
                0x00000000       0x30 MCAL/DIO/DIO_interfacing.o
 .text          0x00000000        0x0 MCAL/EXT_INTERRUPT/EXT_INTERRUPT_Interfacing.o
 .data          0x00000000        0x0 MCAL/EXT_INTERRUPT/EXT_INTERRUPT_Interfacing.o
 .bss           0x00000000        0x0 MCAL/EXT_INTERRUPT/EXT_INTERRUPT_Interfacing.o
 .text          0x00000000        0x0 MCAL/SPI_PROTOCOL/SPI_Interfacing.o
 .data          0x00000000        0x0 MCAL/SPI_PROTOCOL/SPI_Interfacing.o
 .bss           0x00000000        0x0 MCAL/SPI_PROTOCOL/SPI_Interfacing.o
 .text.SPI_MASTER_Initialize
                0x00000000       0x8e MCAL/SPI_PROTOCOL/SPI_Interfacing.o
 .progmem.gcc_sw_table.SPI_MASTER_Initialize
                0x00000000       0x10 MCAL/SPI_PROTOCOL/SPI_Interfacing.o
 .text.SPI_SLAVE_Initialize
                0x00000000       0x3a MCAL/SPI_PROTOCOL/SPI_Interfacing.o
 .text.SPI_Receive
                0x00000000        0x8 MCAL/SPI_PROTOCOL/SPI_Interfacing.o
 .text.SPI_Transive
                0x00000000        0xa MCAL/SPI_PROTOCOL/SPI_Interfacing.o
 .text.SPI_Transmit
                0x00000000        0x8 MCAL/SPI_PROTOCOL/SPI_Interfacing.o
 .text.SPI_SlaveSelect
                0x00000000       0x4c MCAL/SPI_PROTOCOL/SPI_Interfacing.o
 .debug_info    0x00000000      0x34f MCAL/SPI_PROTOCOL/SPI_Interfacing.o
 .debug_abbrev  0x00000000      0x10f MCAL/SPI_PROTOCOL/SPI_Interfacing.o
 .debug_loc     0x00000000       0xef MCAL/SPI_PROTOCOL/SPI_Interfacing.o
 .debug_aranges
                0x00000000       0x48 MCAL/SPI_PROTOCOL/SPI_Interfacing.o
 .debug_ranges  0x00000000       0x38 MCAL/SPI_PROTOCOL/SPI_Interfacing.o
 .debug_line    0x00000000      0x2dc MCAL/SPI_PROTOCOL/SPI_Interfacing.o
 .debug_str     0x00000000      0x33e MCAL/SPI_PROTOCOL/SPI_Interfacing.o
 .comment       0x00000000       0x31 MCAL/SPI_PROTOCOL/SPI_Interfacing.o
 .debug_frame   0x00000000       0x7c MCAL/SPI_PROTOCOL/SPI_Interfacing.o
 .text          0x00000000        0x0 MCAL/timer00/PWM_Interface.o
 .data          0x00000000        0x0 MCAL/timer00/PWM_Interface.o
 .bss           0x00000000        0x0 MCAL/timer00/PWM_Interface.o
 .text.PWM_Fast_Initialize
                0x00000000       0x1c MCAL/timer00/PWM_Interface.o
 .text.PWM_Fast_Start
                0x00000000       0x14 MCAL/timer00/PWM_Interface.o
 .text.PWM_Fast_Stop
                0x00000000       0x14 MCAL/timer00/PWM_Interface.o
 .debug_info    0x00000000       0xcb MCAL/timer00/PWM_Interface.o
 .debug_abbrev  0x00000000       0x51 MCAL/timer00/PWM_Interface.o
 .debug_aranges
                0x00000000       0x30 MCAL/timer00/PWM_Interface.o
 .debug_ranges  0x00000000       0x20 MCAL/timer00/PWM_Interface.o
 .debug_line    0x00000000       0xed MCAL/timer00/PWM_Interface.o
 .debug_str     0x00000000      0x1c8 MCAL/timer00/PWM_Interface.o
 .comment       0x00000000       0x31 MCAL/timer00/PWM_Interface.o
 .debug_frame   0x00000000       0x44 MCAL/timer00/PWM_Interface.o
 .text          0x00000000        0x0 MCAL/timer00/TIMER_Interface.o
 .data          0x00000000        0x0 MCAL/timer00/TIMER_Interface.o
 .bss           0x00000000        0x0 MCAL/timer00/TIMER_Interface.o
 .text.Timer0_OVF_WithoutInterrupt_Intialize
                0x00000000       0x24 MCAL/timer00/TIMER_Interface.o
 .text.Timer0_OVF_WithoutInterrupt_Start
                0x00000000       0x14 MCAL/timer00/TIMER_Interface.o
 .text.Timer0_OVF_WithoutInterrupt_Stop
                0x00000000       0x14 MCAL/timer00/TIMER_Interface.o
 .text.Timer0_OVF_WithoutInterrupt_setDelay
                0x00000000       0x72 MCAL/timer00/TIMER_Interface.o
 .text.Timer0_CTC_WithoutInterrupt_Intialize
                0x00000000       0x24 MCAL/timer00/TIMER_Interface.o
 .text.Timer0_CTC_WithoutInterrupt_Start
                0x00000000       0x14 MCAL/timer00/TIMER_Interface.o
 .text.Timer0_CTC_WithoutInterrupt_Stop
                0x00000000       0x14 MCAL/timer00/TIMER_Interface.o
 .text.Timer0_CTC_WithoutInterrupt_setDelay
                0x00000000       0x68 MCAL/timer00/TIMER_Interface.o
 .text.Timer0_OVF_WithInterrupt_Intialize
                0x00000000       0x24 MCAL/timer00/TIMER_Interface.o
 .text.Timer0_OVF_WithInterrupt_Start
                0x00000000       0x14 MCAL/timer00/TIMER_Interface.o
 .text.Timer0_OVF_WithInterrupt_Stop
                0x00000000       0x14 MCAL/timer00/TIMER_Interface.o
 .text.Timer0_OVF_WithInterrupt_setDelay
                0x00000000       0x5c MCAL/timer00/TIMER_Interface.o
 .text.Timer0_CTC_WithInterrupt_Intialize
                0x00000000       0x24 MCAL/timer00/TIMER_Interface.o
 .text.Timer0_CTC_WithInterrupt_Start
                0x00000000       0x14 MCAL/timer00/TIMER_Interface.o
 .text.Timer0_CTC_WithInterrupt_Stop
                0x00000000       0x14 MCAL/timer00/TIMER_Interface.o
 .text.Timer0_CTC_WithInterrupt_setDelay
                0x00000000       0x68 MCAL/timer00/TIMER_Interface.o
 .bss.Number_CTC
                0x00000000        0x4 MCAL/timer00/TIMER_Interface.o
 .bss.Number_OVF
                0x00000000        0x4 MCAL/timer00/TIMER_Interface.o
 .bss.Initial_Value
                0x00000000        0x1 MCAL/timer00/TIMER_Interface.o
 .debug_info    0x00000000      0x4f3 MCAL/timer00/TIMER_Interface.o
 .debug_abbrev  0x00000000       0xea MCAL/timer00/TIMER_Interface.o
 .debug_loc     0x00000000      0x558 MCAL/timer00/TIMER_Interface.o
 .debug_aranges
                0x00000000       0x98 MCAL/timer00/TIMER_Interface.o
 .debug_ranges  0x00000000       0x88 MCAL/timer00/TIMER_Interface.o
 .debug_line    0x00000000      0x31d MCAL/timer00/TIMER_Interface.o
 .debug_str     0x00000000      0x515 MCAL/timer00/TIMER_Interface.o
 .comment       0x00000000       0x31 MCAL/timer00/TIMER_Interface.o
 .debug_frame   0x00000000      0x140 MCAL/timer00/TIMER_Interface.o
 .text          0x00000000        0x0 MCAL/TWI/TWI_Interface.o
 .data          0x00000000        0x0 MCAL/TWI/TWI_Interface.o
 .bss           0x00000000        0x0 MCAL/TWI/TWI_Interface.o
 .text.TWI_Master_Initialize
                0x00000000        0xa MCAL/TWI/TWI_Interface.o
 .text.TWI_SLave_Initialize
                0x00000000        0xe MCAL/TWI/TWI_Interface.o
 .text.TWI_Start_Condition
                0x00000000       0x14 MCAL/TWI/TWI_Interface.o
 .text.TWI_RepeatedStart_Condition
                0x00000000       0x14 MCAL/TWI/TWI_Interface.o
 .text.TWI_Slave_Write_Operation
                0x00000000       0x24 MCAL/TWI/TWI_Interface.o
 .text.TWI_Slave_Read_Operation
                0x00000000       0x26 MCAL/TWI/TWI_Interface.o
 .text.TWI_Trasmit_Byte
                0x00000000       0x16 MCAL/TWI/TWI_Interface.o
 .text.TWI_Receive_Byte
                0x00000000       0x16 MCAL/TWI/TWI_Interface.o
 .text.TWI_Stop_Condition
                0x00000000       0x16 MCAL/TWI/TWI_Interface.o
 .text.TWI_Initialize
                0x00000000       0x22 MCAL/TWI/TWI_Interface.o
 .text.TWI_Transmit
                0x00000000       0x8c MCAL/TWI/TWI_Interface.o
 .text.TWI_Receive
                0x00000000       0x22 MCAL/TWI/TWI_Interface.o
 .debug_info    0x00000000      0x27d MCAL/TWI/TWI_Interface.o
 .debug_abbrev  0x00000000       0xe4 MCAL/TWI/TWI_Interface.o
 .debug_loc     0x00000000      0x18b MCAL/TWI/TWI_Interface.o
 .debug_aranges
                0x00000000       0x78 MCAL/TWI/TWI_Interface.o
 .debug_ranges  0x00000000       0x68 MCAL/TWI/TWI_Interface.o
 .debug_line    0x00000000      0x394 MCAL/TWI/TWI_Interface.o
 .debug_str     0x00000000      0x2db MCAL/TWI/TWI_Interface.o
 .comment       0x00000000       0x31 MCAL/TWI/TWI_Interface.o
 .debug_frame   0x00000000       0xd4 MCAL/TWI/TWI_Interface.o
 .text          0x00000000        0x0 MCAL/UART/UART_Interface.o
 .data          0x00000000        0x0 MCAL/UART/UART_Interface.o
 .bss           0x00000000        0x0 MCAL/UART/UART_Interface.o
 .text.UART_Transmit
                0x00000000        0x8 MCAL/UART/UART_Interface.o
 .text.UART_RECEIVESTRING
                0x00000000       0x28 MCAL/UART/UART_Interface.o
 .text.uart_ini
                0x00000000       0x2e MCAL/UART/UART_Interface.o
 .text.uart_recieve
                0x00000000        0x6 MCAL/UART/UART_Interface.o
 .text          0x00000000        0x0 MCAL/WDT/WDT_Interface.o
 .data          0x00000000        0x0 MCAL/WDT/WDT_Interface.o
 .bss           0x00000000        0x0 MCAL/WDT/WDT_Interface.o
 .text.WDT_Initialization
                0x00000000        0xe MCAL/WDT/WDT_Interface.o
 .text.WDT_Start
                0x00000000      0x176 MCAL/WDT/WDT_Interface.o
 .progmem.gcc_sw_table.WDT_Start
                0x00000000       0x20 MCAL/WDT/WDT_Interface.o
 .text.WDT_Timer_Refresh
                0x00000000        0x4 MCAL/WDT/WDT_Interface.o
 .debug_info    0x00000000      0x1ad MCAL/WDT/WDT_Interface.o
 .debug_abbrev  0x00000000       0xa1 MCAL/WDT/WDT_Interface.o
 .debug_loc     0x00000000       0xe9 MCAL/WDT/WDT_Interface.o
 .debug_aranges
                0x00000000       0x30 MCAL/WDT/WDT_Interface.o
 .debug_ranges  0x00000000       0x20 MCAL/WDT/WDT_Interface.o
 .debug_line    0x00000000      0x1c1 MCAL/WDT/WDT_Interface.o
 .debug_str     0x00000000      0x2df MCAL/WDT/WDT_Interface.o
 .comment       0x00000000       0x31 MCAL/WDT/WDT_Interface.o
 .debug_frame   0x00000000       0x44 MCAL/WDT/WDT_Interface.o
 .text          0x00000000        0x0 c:/program files (x86)/atmel/studio/7.0/toolchain/avr8/avr8-gnu-toolchain/bin/../lib/gcc/avr/5.4.0/../../../../avr/lib/avr5\libm.a(addsf3.o)
 .data          0x00000000        0x0 c:/program files (x86)/atmel/studio/7.0/toolchain/avr8/avr8-gnu-toolchain/bin/../lib/gcc/avr/5.4.0/../../../../avr/lib/avr5\libm.a(addsf3.o)
 .bss           0x00000000        0x0 c:/program files (x86)/atmel/studio/7.0/toolchain/avr8/avr8-gnu-toolchain/bin/../lib/gcc/avr/5.4.0/../../../../avr/lib/avr5\libm.a(addsf3.o)
 .text.avr-libc.fplib
                0x00000000        0xe c:/program files (x86)/atmel/studio/7.0/toolchain/avr8/avr8-gnu-toolchain/bin/../lib/gcc/avr/5.4.0/../../../../avr/lib/avr5\libm.a(addsf3.o)
 .text          0x00000000        0x0 c:/program files (x86)/atmel/studio/7.0/toolchain/avr8/avr8-gnu-toolchain/bin/../lib/gcc/avr/5.4.0/../../../../avr/lib/avr5\libm.a(addsf3x.o)
 .data          0x00000000        0x0 c:/program files (x86)/atmel/studio/7.0/toolchain/avr8/avr8-gnu-toolchain/bin/../lib/gcc/avr/5.4.0/../../../../avr/lib/avr5\libm.a(addsf3x.o)
 .bss           0x00000000        0x0 c:/program files (x86)/atmel/studio/7.0/toolchain/avr8/avr8-gnu-toolchain/bin/../lib/gcc/avr/5.4.0/../../../../avr/lib/avr5\libm.a(addsf3x.o)
 .text.avr-libc.fplib
                0x00000000       0xcc c:/program files (x86)/atmel/studio/7.0/toolchain/avr8/avr8-gnu-toolchain/bin/../lib/gcc/avr/5.4.0/../../../../avr/lib/avr5\libm.a(addsf3x.o)
 .text          0x00000000        0x0 c:/program files (x86)/atmel/studio/7.0/toolchain/avr8/avr8-gnu-toolchain/bin/../lib/gcc/avr/5.4.0/../../../../avr/lib/avr5\libm.a(fixsfsi.o)
 .data          0x00000000        0x0 c:/program files (x86)/atmel/studio/7.0/toolchain/avr8/avr8-gnu-toolchain/bin/../lib/gcc/avr/5.4.0/../../../../avr/lib/avr5\libm.a(fixsfsi.o)
 .bss           0x00000000        0x0 c:/program files (x86)/atmel/studio/7.0/toolchain/avr8/avr8-gnu-toolchain/bin/../lib/gcc/avr/5.4.0/../../../../avr/lib/avr5\libm.a(fixsfsi.o)
 .text.avr-libc.fplib
                0x00000000        0xe c:/program files (x86)/atmel/studio/7.0/toolchain/avr8/avr8-gnu-toolchain/bin/../lib/gcc/avr/5.4.0/../../../../avr/lib/avr5\libm.a(fixsfsi.o)
 .text          0x00000000        0x0 c:/program files (x86)/atmel/studio/7.0/toolchain/avr8/avr8-gnu-toolchain/bin/../lib/gcc/avr/5.4.0/../../../../avr/lib/avr5\libm.a(fixunssfsi.o)
 .data          0x00000000        0x0 c:/program files (x86)/atmel/studio/7.0/toolchain/avr8/avr8-gnu-toolchain/bin/../lib/gcc/avr/5.4.0/../../../../avr/lib/avr5\libm.a(fixunssfsi.o)
 .bss           0x00000000        0x0 c:/program files (x86)/atmel/studio/7.0/toolchain/avr8/avr8-gnu-toolchain/bin/../lib/gcc/avr/5.4.0/../../../../avr/lib/avr5\libm.a(fixunssfsi.o)
 .text.avr-libc.fplib
                0x00000000       0x5e c:/program files (x86)/atmel/studio/7.0/toolchain/avr8/avr8-gnu-toolchain/bin/../lib/gcc/avr/5.4.0/../../../../avr/lib/avr5\libm.a(fixunssfsi.o)
 .text          0x00000000        0x0 c:/program files (x86)/atmel/studio/7.0/toolchain/avr8/avr8-gnu-toolchain/bin/../lib/gcc/avr/5.4.0/../../../../avr/lib/avr5\libm.a(floatsisf.o)
 .data          0x00000000        0x0 c:/program files (x86)/atmel/studio/7.0/toolchain/avr8/avr8-gnu-toolchain/bin/../lib/gcc/avr/5.4.0/../../../../avr/lib/avr5\libm.a(floatsisf.o)
 .bss           0x00000000        0x0 c:/program files (x86)/atmel/studio/7.0/toolchain/avr8/avr8-gnu-toolchain/bin/../lib/gcc/avr/5.4.0/../../../../avr/lib/avr5\libm.a(floatsisf.o)
 .text.avr-libc.fplib
                0x00000000       0x7a c:/program files (x86)/atmel/studio/7.0/toolchain/avr8/avr8-gnu-toolchain/bin/../lib/gcc/avr/5.4.0/../../../../avr/lib/avr5\libm.a(floatsisf.o)
 .text          0x00000000        0x0 c:/program files (x86)/atmel/studio/7.0/toolchain/avr8/avr8-gnu-toolchain/bin/../lib/gcc/avr/5.4.0/../../../../avr/lib/avr5\libm.a(fp_inf.o)
 .data          0x00000000        0x0 c:/program files (x86)/atmel/studio/7.0/toolchain/avr8/avr8-gnu-toolchain/bin/../lib/gcc/avr/5.4.0/../../../../avr/lib/avr5\libm.a(fp_inf.o)
 .bss           0x00000000        0x0 c:/program files (x86)/atmel/studio/7.0/toolchain/avr8/avr8-gnu-toolchain/bin/../lib/gcc/avr/5.4.0/../../../../avr/lib/avr5\libm.a(fp_inf.o)
 .text.avr-libc.fplib
                0x00000000        0xc c:/program files (x86)/atmel/studio/7.0/toolchain/avr8/avr8-gnu-toolchain/bin/../lib/gcc/avr/5.4.0/../../../../avr/lib/avr5\libm.a(fp_inf.o)
 .text          0x00000000        0x0 c:/program files (x86)/atmel/studio/7.0/toolchain/avr8/avr8-gnu-toolchain/bin/../lib/gcc/avr/5.4.0/../../../../avr/lib/avr5\libm.a(fp_nan.o)
 .data          0x00000000        0x0 c:/program files (x86)/atmel/studio/7.0/toolchain/avr8/avr8-gnu-toolchain/bin/../lib/gcc/avr/5.4.0/../../../../avr/lib/avr5\libm.a(fp_nan.o)
 .bss           0x00000000        0x0 c:/program files (x86)/atmel/studio/7.0/toolchain/avr8/avr8-gnu-toolchain/bin/../lib/gcc/avr/5.4.0/../../../../avr/lib/avr5\libm.a(fp_nan.o)
 .text.avr-libc.fplib
                0x00000000        0x6 c:/program files (x86)/atmel/studio/7.0/toolchain/avr8/avr8-gnu-toolchain/bin/../lib/gcc/avr/5.4.0/../../../../avr/lib/avr5\libm.a(fp_nan.o)
 .text          0x00000000        0x0 c:/program files (x86)/atmel/studio/7.0/toolchain/avr8/avr8-gnu-toolchain/bin/../lib/gcc/avr/5.4.0/../../../../avr/lib/avr5\libm.a(fp_pscA.o)
 .data          0x00000000        0x0 c:/program files (x86)/atmel/studio/7.0/toolchain/avr8/avr8-gnu-toolchain/bin/../lib/gcc/avr/5.4.0/../../../../avr/lib/avr5\libm.a(fp_pscA.o)
 .bss           0x00000000        0x0 c:/program files (x86)/atmel/studio/7.0/toolchain/avr8/avr8-gnu-toolchain/bin/../lib/gcc/avr/5.4.0/../../../../avr/lib/avr5\libm.a(fp_pscA.o)
 .text.avr-libc.fplib
                0x00000000        0xe c:/program files (x86)/atmel/studio/7.0/toolchain/avr8/avr8-gnu-toolchain/bin/../lib/gcc/avr/5.4.0/../../../../avr/lib/avr5\libm.a(fp_pscA.o)
 .text          0x00000000        0x0 c:/program files (x86)/atmel/studio/7.0/toolchain/avr8/avr8-gnu-toolchain/bin/../lib/gcc/avr/5.4.0/../../../../avr/lib/avr5\libm.a(fp_pscB.o)
 .data          0x00000000        0x0 c:/program files (x86)/atmel/studio/7.0/toolchain/avr8/avr8-gnu-toolchain/bin/../lib/gcc/avr/5.4.0/../../../../avr/lib/avr5\libm.a(fp_pscB.o)
 .bss           0x00000000        0x0 c:/program files (x86)/atmel/studio/7.0/toolchain/avr8/avr8-gnu-toolchain/bin/../lib/gcc/avr/5.4.0/../../../../avr/lib/avr5\libm.a(fp_pscB.o)
 .text.avr-libc.fplib
                0x00000000        0xe c:/program files (x86)/atmel/studio/7.0/toolchain/avr8/avr8-gnu-toolchain/bin/../lib/gcc/avr/5.4.0/../../../../avr/lib/avr5\libm.a(fp_pscB.o)
 .text          0x00000000        0x0 c:/program files (x86)/atmel/studio/7.0/toolchain/avr8/avr8-gnu-toolchain/bin/../lib/gcc/avr/5.4.0/../../../../avr/lib/avr5\libm.a(fp_round.o)
 .data          0x00000000        0x0 c:/program files (x86)/atmel/studio/7.0/toolchain/avr8/avr8-gnu-toolchain/bin/../lib/gcc/avr/5.4.0/../../../../avr/lib/avr5\libm.a(fp_round.o)
 .bss           0x00000000        0x0 c:/program files (x86)/atmel/studio/7.0/toolchain/avr8/avr8-gnu-toolchain/bin/../lib/gcc/avr/5.4.0/../../../../avr/lib/avr5\libm.a(fp_round.o)
 .text.avr-libc.fplib
                0x00000000       0x22 c:/program files (x86)/atmel/studio/7.0/toolchain/avr8/avr8-gnu-toolchain/bin/../lib/gcc/avr/5.4.0/../../../../avr/lib/avr5\libm.a(fp_round.o)
 .text          0x00000000        0x0 c:/program files (x86)/atmel/studio/7.0/toolchain/avr8/avr8-gnu-toolchain/bin/../lib/gcc/avr/5.4.0/../../../../avr/lib/avr5\libm.a(fp_split3.o)
 .data          0x00000000        0x0 c:/program files (x86)/atmel/studio/7.0/toolchain/avr8/avr8-gnu-toolchain/bin/../lib/gcc/avr/5.4.0/../../../../avr/lib/avr5\libm.a(fp_split3.o)
 .bss           0x00000000        0x0 c:/program files (x86)/atmel/studio/7.0/toolchain/avr8/avr8-gnu-toolchain/bin/../lib/gcc/avr/5.4.0/../../../../avr/lib/avr5\libm.a(fp_split3.o)
 .text.avr-libc.fplib
                0x00000000       0x44 c:/program files (x86)/atmel/studio/7.0/toolchain/avr8/avr8-gnu-toolchain/bin/../lib/gcc/avr/5.4.0/../../../../avr/lib/avr5\libm.a(fp_split3.o)
 .text          0x00000000        0x0 c:/program files (x86)/atmel/studio/7.0/toolchain/avr8/avr8-gnu-toolchain/bin/../lib/gcc/avr/5.4.0/../../../../avr/lib/avr5\libm.a(fp_zero.o)
 .data          0x00000000        0x0 c:/program files (x86)/atmel/studio/7.0/toolchain/avr8/avr8-gnu-toolchain/bin/../lib/gcc/avr/5.4.0/../../../../avr/lib/avr5\libm.a(fp_zero.o)
 .bss           0x00000000        0x0 c:/program files (x86)/atmel/studio/7.0/toolchain/avr8/avr8-gnu-toolchain/bin/../lib/gcc/avr/5.4.0/../../../../avr/lib/avr5\libm.a(fp_zero.o)
 .text.avr-libc.fplib
                0x00000000        0xe c:/program files (x86)/atmel/studio/7.0/toolchain/avr8/avr8-gnu-toolchain/bin/../lib/gcc/avr/5.4.0/../../../../avr/lib/avr5\libm.a(fp_zero.o)
 .text          0x00000000        0x0 c:/program files (x86)/atmel/studio/7.0/toolchain/avr8/avr8-gnu-toolchain/bin/../lib/gcc/avr/5.4.0/../../../../avr/lib/avr5\libm.a(mulsf3.o)
 .data          0x00000000        0x0 c:/program files (x86)/atmel/studio/7.0/toolchain/avr8/avr8-gnu-toolchain/bin/../lib/gcc/avr/5.4.0/../../../../avr/lib/avr5\libm.a(mulsf3.o)
 .bss           0x00000000        0x0 c:/program files (x86)/atmel/studio/7.0/toolchain/avr8/avr8-gnu-toolchain/bin/../lib/gcc/avr/5.4.0/../../../../avr/lib/avr5\libm.a(mulsf3.o)
 .text.avr-libc.fplib
                0x00000000        0x8 c:/program files (x86)/atmel/studio/7.0/toolchain/avr8/avr8-gnu-toolchain/bin/../lib/gcc/avr/5.4.0/../../../../avr/lib/avr5\libm.a(mulsf3.o)
 .text          0x00000000        0x0 c:/program files (x86)/atmel/studio/7.0/toolchain/avr8/avr8-gnu-toolchain/bin/../lib/gcc/avr/5.4.0/../../../../avr/lib/avr5\libm.a(mulsf3x.o)
 .data          0x00000000        0x0 c:/program files (x86)/atmel/studio/7.0/toolchain/avr8/avr8-gnu-toolchain/bin/../lib/gcc/avr/5.4.0/../../../../avr/lib/avr5\libm.a(mulsf3x.o)
 .bss           0x00000000        0x0 c:/program files (x86)/atmel/studio/7.0/toolchain/avr8/avr8-gnu-toolchain/bin/../lib/gcc/avr/5.4.0/../../../../avr/lib/avr5\libm.a(mulsf3x.o)
 .text.avr-libc.fplib
                0x00000000       0xd2 c:/program files (x86)/atmel/studio/7.0/toolchain/avr8/avr8-gnu-toolchain/bin/../lib/gcc/avr/5.4.0/../../../../avr/lib/avr5\libm.a(mulsf3x.o)
 .text          0x00000000        0x0 c:/program files (x86)/atmel/studio/7.0/toolchain/avr8/avr8-gnu-toolchain/bin/../lib/gcc/avr/5.4.0/../../../../avr/lib/avr5\libm.a(pow.o)
 .data          0x00000000        0x0 c:/program files (x86)/atmel/studio/7.0/toolchain/avr8/avr8-gnu-toolchain/bin/../lib/gcc/avr/5.4.0/../../../../avr/lib/avr5\libm.a(pow.o)
 .bss           0x00000000        0x0 c:/program files (x86)/atmel/studio/7.0/toolchain/avr8/avr8-gnu-toolchain/bin/../lib/gcc/avr/5.4.0/../../../../avr/lib/avr5\libm.a(pow.o)
 .text.avr-libc.fplib
                0x00000000       0xa0 c:/program files (x86)/atmel/studio/7.0/toolchain/avr8/avr8-gnu-toolchain/bin/../lib/gcc/avr/5.4.0/../../../../avr/lib/avr5\libm.a(pow.o)
 .text          0x00000000        0x0 c:/program files (x86)/atmel/studio/7.0/toolchain/avr8/avr8-gnu-toolchain/bin/../lib/gcc/avr/5.4.0/../../../../avr/lib/avr5\libm.a(exp.o)
 .data          0x00000000        0x0 c:/program files (x86)/atmel/studio/7.0/toolchain/avr8/avr8-gnu-toolchain/bin/../lib/gcc/avr/5.4.0/../../../../avr/lib/avr5\libm.a(exp.o)
 .bss           0x00000000        0x0 c:/program files (x86)/atmel/studio/7.0/toolchain/avr8/avr8-gnu-toolchain/bin/../lib/gcc/avr/5.4.0/../../../../avr/lib/avr5\libm.a(exp.o)
 .text.avr-libc.fplib
                0x00000000       0x74 c:/program files (x86)/atmel/studio/7.0/toolchain/avr8/avr8-gnu-toolchain/bin/../lib/gcc/avr/5.4.0/../../../../avr/lib/avr5\libm.a(exp.o)
 .progmem.gcc_fplib
                0x00000000       0x28 c:/program files (x86)/atmel/studio/7.0/toolchain/avr8/avr8-gnu-toolchain/bin/../lib/gcc/avr/5.4.0/../../../../avr/lib/avr5\libm.a(exp.o)
 .text          0x00000000        0x0 c:/program files (x86)/atmel/studio/7.0/toolchain/avr8/avr8-gnu-toolchain/bin/../lib/gcc/avr/5.4.0/../../../../avr/lib/avr5\libm.a(fp_powser.o)
 .data          0x00000000        0x0 c:/program files (x86)/atmel/studio/7.0/toolchain/avr8/avr8-gnu-toolchain/bin/../lib/gcc/avr/5.4.0/../../../../avr/lib/avr5\libm.a(fp_powser.o)
 .bss           0x00000000        0x0 c:/program files (x86)/atmel/studio/7.0/toolchain/avr8/avr8-gnu-toolchain/bin/../lib/gcc/avr/5.4.0/../../../../avr/lib/avr5\libm.a(fp_powser.o)
 .text.avr-libc.fplib
                0x00000000       0x4e c:/program files (x86)/atmel/studio/7.0/toolchain/avr8/avr8-gnu-toolchain/bin/../lib/gcc/avr/5.4.0/../../../../avr/lib/avr5\libm.a(fp_powser.o)
 .text          0x00000000        0x0 c:/program files (x86)/atmel/studio/7.0/toolchain/avr8/avr8-gnu-toolchain/bin/../lib/gcc/avr/5.4.0/../../../../avr/lib/avr5\libm.a(inverse.o)
 .data          0x00000000        0x0 c:/program files (x86)/atmel/studio/7.0/toolchain/avr8/avr8-gnu-toolchain/bin/../lib/gcc/avr/5.4.0/../../../../avr/lib/avr5\libm.a(inverse.o)
 .bss           0x00000000        0x0 c:/program files (x86)/atmel/studio/7.0/toolchain/avr8/avr8-gnu-toolchain/bin/../lib/gcc/avr/5.4.0/../../../../avr/lib/avr5\libm.a(inverse.o)
 .text.avr-libc.fplib
                0x00000000       0x10 c:/program files (x86)/atmel/studio/7.0/toolchain/avr8/avr8-gnu-toolchain/bin/../lib/gcc/avr/5.4.0/../../../../avr/lib/avr5\libm.a(inverse.o)
 .text          0x00000000        0x0 c:/program files (x86)/atmel/studio/7.0/toolchain/avr8/avr8-gnu-toolchain/bin/../lib/gcc/avr/5.4.0/../../../../avr/lib/avr5\libm.a(ldexp.o)
 .data          0x00000000        0x0 c:/program files (x86)/atmel/studio/7.0/toolchain/avr8/avr8-gnu-toolchain/bin/../lib/gcc/avr/5.4.0/../../../../avr/lib/avr5\libm.a(ldexp.o)
 .bss           0x00000000        0x0 c:/program files (x86)/atmel/studio/7.0/toolchain/avr8/avr8-gnu-toolchain/bin/../lib/gcc/avr/5.4.0/../../../../avr/lib/avr5\libm.a(ldexp.o)
 .text.avr-libc.fplib
                0x00000000       0x74 c:/program files (x86)/atmel/studio/7.0/toolchain/avr8/avr8-gnu-toolchain/bin/../lib/gcc/avr/5.4.0/../../../../avr/lib/avr5\libm.a(ldexp.o)
 .text          0x00000000        0x0 c:/program files (x86)/atmel/studio/7.0/toolchain/avr8/avr8-gnu-toolchain/bin/../lib/gcc/avr/5.4.0/../../../../avr/lib/avr5\libm.a(log.o)
 .data          0x00000000        0x0 c:/program files (x86)/atmel/studio/7.0/toolchain/avr8/avr8-gnu-toolchain/bin/../lib/gcc/avr/5.4.0/../../../../avr/lib/avr5\libm.a(log.o)
 .bss           0x00000000        0x0 c:/program files (x86)/atmel/studio/7.0/toolchain/avr8/avr8-gnu-toolchain/bin/../lib/gcc/avr/5.4.0/../../../../avr/lib/avr5\libm.a(log.o)
 .text.avr-libc.fplib
                0x00000000       0xa0 c:/program files (x86)/atmel/studio/7.0/toolchain/avr8/avr8-gnu-toolchain/bin/../lib/gcc/avr/5.4.0/../../../../avr/lib/avr5\libm.a(log.o)
 .progmem.gcc_fplib
                0x00000000       0x5a c:/program files (x86)/atmel/studio/7.0/toolchain/avr8/avr8-gnu-toolchain/bin/../lib/gcc/avr/5.4.0/../../../../avr/lib/avr5\libm.a(log.o)
 .text          0x00000000        0x0 c:/program files (x86)/atmel/studio/7.0/toolchain/avr8/avr8-gnu-toolchain/bin/../lib/gcc/avr/5.4.0/../../../../avr/lib/avr5\libm.a(modf.o)
 .data          0x00000000        0x0 c:/program files (x86)/atmel/studio/7.0/toolchain/avr8/avr8-gnu-toolchain/bin/../lib/gcc/avr/5.4.0/../../../../avr/lib/avr5\libm.a(modf.o)
 .bss           0x00000000        0x0 c:/program files (x86)/atmel/studio/7.0/toolchain/avr8/avr8-gnu-toolchain/bin/../lib/gcc/avr/5.4.0/../../../../avr/lib/avr5\libm.a(modf.o)
 .text.avr-libc.fplib
                0x00000000       0x68 c:/program files (x86)/atmel/studio/7.0/toolchain/avr8/avr8-gnu-toolchain/bin/../lib/gcc/avr/5.4.0/../../../../avr/lib/avr5\libm.a(modf.o)
 .text          0x00000000        0x0 c:/program files (x86)/atmel/studio/7.0/toolchain/avr8/avr8-gnu-toolchain/bin/../lib/gcc/avr/5.4.0/../../../../avr/lib/avr5\libm.a(divsf3.o)
 .data          0x00000000        0x0 c:/program files (x86)/atmel/studio/7.0/toolchain/avr8/avr8-gnu-toolchain/bin/../lib/gcc/avr/5.4.0/../../../../avr/lib/avr5\libm.a(divsf3.o)
 .bss           0x00000000        0x0 c:/program files (x86)/atmel/studio/7.0/toolchain/avr8/avr8-gnu-toolchain/bin/../lib/gcc/avr/5.4.0/../../../../avr/lib/avr5\libm.a(divsf3.o)
 .text.avr-libc.fplib
                0x00000000        0x8 c:/program files (x86)/atmel/studio/7.0/toolchain/avr8/avr8-gnu-toolchain/bin/../lib/gcc/avr/5.4.0/../../../../avr/lib/avr5\libm.a(divsf3.o)
 .text          0x00000000        0x0 c:/program files (x86)/atmel/studio/7.0/toolchain/avr8/avr8-gnu-toolchain/bin/../lib/gcc/avr/5.4.0/../../../../avr/lib/avr5\libm.a(divsf3x.o)
 .data          0x00000000        0x0 c:/program files (x86)/atmel/studio/7.0/toolchain/avr8/avr8-gnu-toolchain/bin/../lib/gcc/avr/5.4.0/../../../../avr/lib/avr5\libm.a(divsf3x.o)
 .bss           0x00000000        0x0 c:/program files (x86)/atmel/studio/7.0/toolchain/avr8/avr8-gnu-toolchain/bin/../lib/gcc/avr/5.4.0/../../../../avr/lib/avr5\libm.a(divsf3x.o)
 .text.avr-libc.fplib
                0x00000000       0xdc c:/program files (x86)/atmel/studio/7.0/toolchain/avr8/avr8-gnu-toolchain/bin/../lib/gcc/avr/5.4.0/../../../../avr/lib/avr5\libm.a(divsf3x.o)
 .text          0x00000000        0x0 c:/program files (x86)/atmel/studio/7.0/toolchain/avr8/avr8-gnu-toolchain/bin/../lib/gcc/avr/5.4.0/../../../../avr/lib/avr5\libm.a(fp_mpack.o)
 .data          0x00000000        0x0 c:/program files (x86)/atmel/studio/7.0/toolchain/avr8/avr8-gnu-toolchain/bin/../lib/gcc/avr/5.4.0/../../../../avr/lib/avr5\libm.a(fp_mpack.o)
 .bss           0x00000000        0x0 c:/program files (x86)/atmel/studio/7.0/toolchain/avr8/avr8-gnu-toolchain/bin/../lib/gcc/avr/5.4.0/../../../../avr/lib/avr5\libm.a(fp_mpack.o)
 .text.avr-libc.fplib
                0x00000000       0x1c c:/program files (x86)/atmel/studio/7.0/toolchain/avr8/avr8-gnu-toolchain/bin/../lib/gcc/avr/5.4.0/../../../../avr/lib/avr5\libm.a(fp_mpack.o)
 .text          0x00000000        0x0 c:/program files (x86)/atmel/studio/7.0/toolchain/avr8/avr8-gnu-toolchain/bin/../lib/gcc/avr/5.4.0/avr5\libgcc.a(_divmodhi4.o)
 .data          0x00000000        0x0 c:/program files (x86)/atmel/studio/7.0/toolchain/avr8/avr8-gnu-toolchain/bin/../lib/gcc/avr/5.4.0/avr5\libgcc.a(_divmodhi4.o)
 .bss           0x00000000        0x0 c:/program files (x86)/atmel/studio/7.0/toolchain/avr8/avr8-gnu-toolchain/bin/../lib/gcc/avr/5.4.0/avr5\libgcc.a(_divmodhi4.o)
 .text.libgcc.mul
                0x00000000        0x0 c:/program files (x86)/atmel/studio/7.0/toolchain/avr8/avr8-gnu-toolchain/bin/../lib/gcc/avr/5.4.0/avr5\libgcc.a(_divmodhi4.o)
 .text.libgcc.div
                0x00000000       0x28 c:/program files (x86)/atmel/studio/7.0/toolchain/avr8/avr8-gnu-toolchain/bin/../lib/gcc/avr/5.4.0/avr5\libgcc.a(_divmodhi4.o)
 .text.libgcc   0x00000000        0x0 c:/program files (x86)/atmel/studio/7.0/toolchain/avr8/avr8-gnu-toolchain/bin/../lib/gcc/avr/5.4.0/avr5\libgcc.a(_divmodhi4.o)
 .text.libgcc.prologue
                0x00000000        0x0 c:/program files (x86)/atmel/studio/7.0/toolchain/avr8/avr8-gnu-toolchain/bin/../lib/gcc/avr/5.4.0/avr5\libgcc.a(_divmodhi4.o)
 .text.libgcc.builtins
                0x00000000        0x0 c:/program files (x86)/atmel/studio/7.0/toolchain/avr8/avr8-gnu-toolchain/bin/../lib/gcc/avr/5.4.0/avr5\libgcc.a(_divmodhi4.o)
 .text.libgcc.fmul
                0x00000000        0x0 c:/program files (x86)/atmel/studio/7.0/toolchain/avr8/avr8-gnu-toolchain/bin/../lib/gcc/avr/5.4.0/avr5\libgcc.a(_divmodhi4.o)
 .text.libgcc.fixed
                0x00000000        0x0 c:/program files (x86)/atmel/studio/7.0/toolchain/avr8/avr8-gnu-toolchain/bin/../lib/gcc/avr/5.4.0/avr5\libgcc.a(_divmodhi4.o)
 .text          0x00000000        0x0 c:/program files (x86)/atmel/studio/7.0/toolchain/avr8/avr8-gnu-toolchain/bin/../lib/gcc/avr/5.4.0/avr5\libgcc.a(_udivmodsi4.o)
 .data          0x00000000        0x0 c:/program files (x86)/atmel/studio/7.0/toolchain/avr8/avr8-gnu-toolchain/bin/../lib/gcc/avr/5.4.0/avr5\libgcc.a(_udivmodsi4.o)
 .bss           0x00000000        0x0 c:/program files (x86)/atmel/studio/7.0/toolchain/avr8/avr8-gnu-toolchain/bin/../lib/gcc/avr/5.4.0/avr5\libgcc.a(_udivmodsi4.o)
 .text.libgcc.mul
                0x00000000        0x0 c:/program files (x86)/atmel/studio/7.0/toolchain/avr8/avr8-gnu-toolchain/bin/../lib/gcc/avr/5.4.0/avr5\libgcc.a(_udivmodsi4.o)
 .text.libgcc.div
                0x00000000       0x44 c:/program files (x86)/atmel/studio/7.0/toolchain/avr8/avr8-gnu-toolchain/bin/../lib/gcc/avr/5.4.0/avr5\libgcc.a(_udivmodsi4.o)
 .text.libgcc   0x00000000        0x0 c:/program files (x86)/atmel/studio/7.0/toolchain/avr8/avr8-gnu-toolchain/bin/../lib/gcc/avr/5.4.0/avr5\libgcc.a(_udivmodsi4.o)
 .text.libgcc.prologue
                0x00000000        0x0 c:/program files (x86)/atmel/studio/7.0/toolchain/avr8/avr8-gnu-toolchain/bin/../lib/gcc/avr/5.4.0/avr5\libgcc.a(_udivmodsi4.o)
 .text.libgcc.builtins
                0x00000000        0x0 c:/program files (x86)/atmel/studio/7.0/toolchain/avr8/avr8-gnu-toolchain/bin/../lib/gcc/avr/5.4.0/avr5\libgcc.a(_udivmodsi4.o)
 .text.libgcc.fmul
                0x00000000        0x0 c:/program files (x86)/atmel/studio/7.0/toolchain/avr8/avr8-gnu-toolchain/bin/../lib/gcc/avr/5.4.0/avr5\libgcc.a(_udivmodsi4.o)
 .text.libgcc.fixed
                0x00000000        0x0 c:/program files (x86)/atmel/studio/7.0/toolchain/avr8/avr8-gnu-toolchain/bin/../lib/gcc/avr/5.4.0/avr5\libgcc.a(_udivmodsi4.o)
 .text          0x00000000        0x0 c:/program files (x86)/atmel/studio/7.0/toolchain/avr8/avr8-gnu-toolchain/bin/../lib/gcc/avr/5.4.0/avr5\libgcc.a(_exit.o)
 .data          0x00000000        0x0 c:/program files (x86)/atmel/studio/7.0/toolchain/avr8/avr8-gnu-toolchain/bin/../lib/gcc/avr/5.4.0/avr5\libgcc.a(_exit.o)
 .bss           0x00000000        0x0 c:/program files (x86)/atmel/studio/7.0/toolchain/avr8/avr8-gnu-toolchain/bin/../lib/gcc/avr/5.4.0/avr5\libgcc.a(_exit.o)
 .text.libgcc.mul
                0x00000000        0x0 c:/program files (x86)/atmel/studio/7.0/toolchain/avr8/avr8-gnu-toolchain/bin/../lib/gcc/avr/5.4.0/avr5\libgcc.a(_exit.o)
 .text.libgcc.div
                0x00000000        0x0 c:/program files (x86)/atmel/studio/7.0/toolchain/avr8/avr8-gnu-toolchain/bin/../lib/gcc/avr/5.4.0/avr5\libgcc.a(_exit.o)
 .text.libgcc   0x00000000        0x0 c:/program files (x86)/atmel/studio/7.0/toolchain/avr8/avr8-gnu-toolchain/bin/../lib/gcc/avr/5.4.0/avr5\libgcc.a(_exit.o)
 .text.libgcc.prologue
                0x00000000        0x0 c:/program files (x86)/atmel/studio/7.0/toolchain/avr8/avr8-gnu-toolchain/bin/../lib/gcc/avr/5.4.0/avr5\libgcc.a(_exit.o)
 .text.libgcc.builtins
                0x00000000        0x0 c:/program files (x86)/atmel/studio/7.0/toolchain/avr8/avr8-gnu-toolchain/bin/../lib/gcc/avr/5.4.0/avr5\libgcc.a(_exit.o)
 .text.libgcc.fmul
                0x00000000        0x0 c:/program files (x86)/atmel/studio/7.0/toolchain/avr8/avr8-gnu-toolchain/bin/../lib/gcc/avr/5.4.0/avr5\libgcc.a(_exit.o)
 .text.libgcc.fixed
                0x00000000        0x0 c:/program files (x86)/atmel/studio/7.0/toolchain/avr8/avr8-gnu-toolchain/bin/../lib/gcc/avr/5.4.0/avr5\libgcc.a(_exit.o)
 .text          0x00000000        0x0 c:/program files (x86)/atmel/studio/7.0/toolchain/avr8/avr8-gnu-toolchain/bin/../lib/gcc/avr/5.4.0/avr5\libgcc.a(_tablejump2.o)
 .data          0x00000000        0x0 c:/program files (x86)/atmel/studio/7.0/toolchain/avr8/avr8-gnu-toolchain/bin/../lib/gcc/avr/5.4.0/avr5\libgcc.a(_tablejump2.o)
 .bss           0x00000000        0x0 c:/program files (x86)/atmel/studio/7.0/toolchain/avr8/avr8-gnu-toolchain/bin/../lib/gcc/avr/5.4.0/avr5\libgcc.a(_tablejump2.o)
 .text.libgcc.mul
                0x00000000        0x0 c:/program files (x86)/atmel/studio/7.0/toolchain/avr8/avr8-gnu-toolchain/bin/../lib/gcc/avr/5.4.0/avr5\libgcc.a(_tablejump2.o)
 .text.libgcc.div
                0x00000000        0x0 c:/program files (x86)/atmel/studio/7.0/toolchain/avr8/avr8-gnu-toolchain/bin/../lib/gcc/avr/5.4.0/avr5\libgcc.a(_tablejump2.o)
 .text.libgcc.prologue
                0x00000000        0x0 c:/program files (x86)/atmel/studio/7.0/toolchain/avr8/avr8-gnu-toolchain/bin/../lib/gcc/avr/5.4.0/avr5\libgcc.a(_tablejump2.o)
 .text.libgcc.builtins
                0x00000000        0x0 c:/program files (x86)/atmel/studio/7.0/toolchain/avr8/avr8-gnu-toolchain/bin/../lib/gcc/avr/5.4.0/avr5\libgcc.a(_tablejump2.o)
 .text.libgcc.fmul
                0x00000000        0x0 c:/program files (x86)/atmel/studio/7.0/toolchain/avr8/avr8-gnu-toolchain/bin/../lib/gcc/avr/5.4.0/avr5\libgcc.a(_tablejump2.o)
 .text.libgcc.fixed
                0x00000000        0x0 c:/program files (x86)/atmel/studio/7.0/toolchain/avr8/avr8-gnu-toolchain/bin/../lib/gcc/avr/5.4.0/avr5\libgcc.a(_tablejump2.o)
 .text          0x00000000        0x0 c:/program files (x86)/atmel/studio/7.0/toolchain/avr8/avr8-gnu-toolchain/bin/../lib/gcc/avr/5.4.0/avr5\libgcc.a(_copy_data.o)
 .data          0x00000000        0x0 c:/program files (x86)/atmel/studio/7.0/toolchain/avr8/avr8-gnu-toolchain/bin/../lib/gcc/avr/5.4.0/avr5\libgcc.a(_copy_data.o)
 .bss           0x00000000        0x0 c:/program files (x86)/atmel/studio/7.0/toolchain/avr8/avr8-gnu-toolchain/bin/../lib/gcc/avr/5.4.0/avr5\libgcc.a(_copy_data.o)
 .text.libgcc.mul
                0x00000000        0x0 c:/program files (x86)/atmel/studio/7.0/toolchain/avr8/avr8-gnu-toolchain/bin/../lib/gcc/avr/5.4.0/avr5\libgcc.a(_copy_data.o)
 .text.libgcc.div
                0x00000000        0x0 c:/program files (x86)/atmel/studio/7.0/toolchain/avr8/avr8-gnu-toolchain/bin/../lib/gcc/avr/5.4.0/avr5\libgcc.a(_copy_data.o)
 .text.libgcc   0x00000000        0x0 c:/program files (x86)/atmel/studio/7.0/toolchain/avr8/avr8-gnu-toolchain/bin/../lib/gcc/avr/5.4.0/avr5\libgcc.a(_copy_data.o)
 .text.libgcc.prologue
                0x00000000        0x0 c:/program files (x86)/atmel/studio/7.0/toolchain/avr8/avr8-gnu-toolchain/bin/../lib/gcc/avr/5.4.0/avr5\libgcc.a(_copy_data.o)
 .text.libgcc.builtins
                0x00000000        0x0 c:/program files (x86)/atmel/studio/7.0/toolchain/avr8/avr8-gnu-toolchain/bin/../lib/gcc/avr/5.4.0/avr5\libgcc.a(_copy_data.o)
 .text.libgcc.fmul
                0x00000000        0x0 c:/program files (x86)/atmel/studio/7.0/toolchain/avr8/avr8-gnu-toolchain/bin/../lib/gcc/avr/5.4.0/avr5\libgcc.a(_copy_data.o)
 .text.libgcc.fixed
                0x00000000        0x0 c:/program files (x86)/atmel/studio/7.0/toolchain/avr8/avr8-gnu-toolchain/bin/../lib/gcc/avr/5.4.0/avr5\libgcc.a(_copy_data.o)
 .text          0x00000000        0x0 c:/program files (x86)/atmel/studio/7.0/toolchain/avr8/avr8-gnu-toolchain/bin/../lib/gcc/avr/5.4.0/avr5\libgcc.a(_clear_bss.o)
 .data          0x00000000        0x0 c:/program files (x86)/atmel/studio/7.0/toolchain/avr8/avr8-gnu-toolchain/bin/../lib/gcc/avr/5.4.0/avr5\libgcc.a(_clear_bss.o)
 .bss           0x00000000        0x0 c:/program files (x86)/atmel/studio/7.0/toolchain/avr8/avr8-gnu-toolchain/bin/../lib/gcc/avr/5.4.0/avr5\libgcc.a(_clear_bss.o)
 .text.libgcc.mul
                0x00000000        0x0 c:/program files (x86)/atmel/studio/7.0/toolchain/avr8/avr8-gnu-toolchain/bin/../lib/gcc/avr/5.4.0/avr5\libgcc.a(_clear_bss.o)
 .text.libgcc.div
                0x00000000        0x0 c:/program files (x86)/atmel/studio/7.0/toolchain/avr8/avr8-gnu-toolchain/bin/../lib/gcc/avr/5.4.0/avr5\libgcc.a(_clear_bss.o)
 .text.libgcc   0x00000000        0x0 c:/program files (x86)/atmel/studio/7.0/toolchain/avr8/avr8-gnu-toolchain/bin/../lib/gcc/avr/5.4.0/avr5\libgcc.a(_clear_bss.o)
 .text.libgcc.prologue
                0x00000000        0x0 c:/program files (x86)/atmel/studio/7.0/toolchain/avr8/avr8-gnu-toolchain/bin/../lib/gcc/avr/5.4.0/avr5\libgcc.a(_clear_bss.o)
 .text.libgcc.builtins
                0x00000000        0x0 c:/program files (x86)/atmel/studio/7.0/toolchain/avr8/avr8-gnu-toolchain/bin/../lib/gcc/avr/5.4.0/avr5\libgcc.a(_clear_bss.o)
 .text.libgcc.fmul
                0x00000000        0x0 c:/program files (x86)/atmel/studio/7.0/toolchain/avr8/avr8-gnu-toolchain/bin/../lib/gcc/avr/5.4.0/avr5\libgcc.a(_clear_bss.o)
 .text.libgcc.fixed
                0x00000000        0x0 c:/program files (x86)/atmel/studio/7.0/toolchain/avr8/avr8-gnu-toolchain/bin/../lib/gcc/avr/5.4.0/avr5\libgcc.a(_clear_bss.o)
 .text          0x00000000        0x0 c:/program files (x86)/atmel/studio/7.0/toolchain/avr8/avr8-gnu-toolchain/bin/../lib/gcc/avr/5.4.0/avr5\libgcc.a(_umulhisi3.o)
 .data          0x00000000        0x0 c:/program files (x86)/atmel/studio/7.0/toolchain/avr8/avr8-gnu-toolchain/bin/../lib/gcc/avr/5.4.0/avr5\libgcc.a(_umulhisi3.o)
 .bss           0x00000000        0x0 c:/program files (x86)/atmel/studio/7.0/toolchain/avr8/avr8-gnu-toolchain/bin/../lib/gcc/avr/5.4.0/avr5\libgcc.a(_umulhisi3.o)
 .text.libgcc.div
                0x00000000        0x0 c:/program files (x86)/atmel/studio/7.0/toolchain/avr8/avr8-gnu-toolchain/bin/../lib/gcc/avr/5.4.0/avr5\libgcc.a(_umulhisi3.o)
 .text.libgcc   0x00000000        0x0 c:/program files (x86)/atmel/studio/7.0/toolchain/avr8/avr8-gnu-toolchain/bin/../lib/gcc/avr/5.4.0/avr5\libgcc.a(_umulhisi3.o)
 .text.libgcc.prologue
                0x00000000        0x0 c:/program files (x86)/atmel/studio/7.0/toolchain/avr8/avr8-gnu-toolchain/bin/../lib/gcc/avr/5.4.0/avr5\libgcc.a(_umulhisi3.o)
 .text.libgcc.builtins
                0x00000000        0x0 c:/program files (x86)/atmel/studio/7.0/toolchain/avr8/avr8-gnu-toolchain/bin/../lib/gcc/avr/5.4.0/avr5\libgcc.a(_umulhisi3.o)
 .text.libgcc.fmul
                0x00000000        0x0 c:/program files (x86)/atmel/studio/7.0/toolchain/avr8/avr8-gnu-toolchain/bin/../lib/gcc/avr/5.4.0/avr5\libgcc.a(_umulhisi3.o)
 .text.libgcc.fixed
                0x00000000        0x0 c:/program files (x86)/atmel/studio/7.0/toolchain/avr8/avr8-gnu-toolchain/bin/../lib/gcc/avr/5.4.0/avr5\libgcc.a(_umulhisi3.o)
 .text          0x00000000        0x0 c:/program files (x86)/atmel/studio/7.0/toolchain/avr8/avr8-gnu-toolchain/bin/../lib/gcc/avr/5.4.0/avr5\libgcc.a(_muluhisi3.o)
 .data          0x00000000        0x0 c:/program files (x86)/atmel/studio/7.0/toolchain/avr8/avr8-gnu-toolchain/bin/../lib/gcc/avr/5.4.0/avr5\libgcc.a(_muluhisi3.o)
 .bss           0x00000000        0x0 c:/program files (x86)/atmel/studio/7.0/toolchain/avr8/avr8-gnu-toolchain/bin/../lib/gcc/avr/5.4.0/avr5\libgcc.a(_muluhisi3.o)
 .text.libgcc.mul
                0x00000000       0x16 c:/program files (x86)/atmel/studio/7.0/toolchain/avr8/avr8-gnu-toolchain/bin/../lib/gcc/avr/5.4.0/avr5\libgcc.a(_muluhisi3.o)
 .text.libgcc.div
                0x00000000        0x0 c:/program files (x86)/atmel/studio/7.0/toolchain/avr8/avr8-gnu-toolchain/bin/../lib/gcc/avr/5.4.0/avr5\libgcc.a(_muluhisi3.o)
 .text.libgcc   0x00000000        0x0 c:/program files (x86)/atmel/studio/7.0/toolchain/avr8/avr8-gnu-toolchain/bin/../lib/gcc/avr/5.4.0/avr5\libgcc.a(_muluhisi3.o)
 .text.libgcc.prologue
                0x00000000        0x0 c:/program files (x86)/atmel/studio/7.0/toolchain/avr8/avr8-gnu-toolchain/bin/../lib/gcc/avr/5.4.0/avr5\libgcc.a(_muluhisi3.o)
 .text.libgcc.builtins
                0x00000000        0x0 c:/program files (x86)/atmel/studio/7.0/toolchain/avr8/avr8-gnu-toolchain/bin/../lib/gcc/avr/5.4.0/avr5\libgcc.a(_muluhisi3.o)
 .text.libgcc.fmul
                0x00000000        0x0 c:/program files (x86)/atmel/studio/7.0/toolchain/avr8/avr8-gnu-toolchain/bin/../lib/gcc/avr/5.4.0/avr5\libgcc.a(_muluhisi3.o)
 .text.libgcc.fixed
                0x00000000        0x0 c:/program files (x86)/atmel/studio/7.0/toolchain/avr8/avr8-gnu-toolchain/bin/../lib/gcc/avr/5.4.0/avr5\libgcc.a(_muluhisi3.o)
 .text          0x00000000        0x0 c:/program files (x86)/atmel/studio/7.0/toolchain/avr8/avr8-gnu-toolchain/bin/../lib/gcc/avr/5.4.0/avr5\libgcc.a(_udivmodhi4.o)
 .data          0x00000000        0x0 c:/program files (x86)/atmel/studio/7.0/toolchain/avr8/avr8-gnu-toolchain/bin/../lib/gcc/avr/5.4.0/avr5\libgcc.a(_udivmodhi4.o)
 .bss           0x00000000        0x0 c:/program files (x86)/atmel/studio/7.0/toolchain/avr8/avr8-gnu-toolchain/bin/../lib/gcc/avr/5.4.0/avr5\libgcc.a(_udivmodhi4.o)
 .text.libgcc.mul
                0x00000000        0x0 c:/program files (x86)/atmel/studio/7.0/toolchain/avr8/avr8-gnu-toolchain/bin/../lib/gcc/avr/5.4.0/avr5\libgcc.a(_udivmodhi4.o)
 .text.libgcc.div
                0x00000000       0x28 c:/program files (x86)/atmel/studio/7.0/toolchain/avr8/avr8-gnu-toolchain/bin/../lib/gcc/avr/5.4.0/avr5\libgcc.a(_udivmodhi4.o)
 .text.libgcc   0x00000000        0x0 c:/program files (x86)/atmel/studio/7.0/toolchain/avr8/avr8-gnu-toolchain/bin/../lib/gcc/avr/5.4.0/avr5\libgcc.a(_udivmodhi4.o)
 .text.libgcc.prologue
                0x00000000        0x0 c:/program files (x86)/atmel/studio/7.0/toolchain/avr8/avr8-gnu-toolchain/bin/../lib/gcc/avr/5.4.0/avr5\libgcc.a(_udivmodhi4.o)
 .text.libgcc.builtins
                0x00000000        0x0 c:/program files (x86)/atmel/studio/7.0/toolchain/avr8/avr8-gnu-toolchain/bin/../lib/gcc/avr/5.4.0/avr5\libgcc.a(_udivmodhi4.o)
 .text.libgcc.fmul
                0x00000000        0x0 c:/program files (x86)/atmel/studio/7.0/toolchain/avr8/avr8-gnu-toolchain/bin/../lib/gcc/avr/5.4.0/avr5\libgcc.a(_udivmodhi4.o)
 .text.libgcc.fixed
                0x00000000        0x0 c:/program files (x86)/atmel/studio/7.0/toolchain/avr8/avr8-gnu-toolchain/bin/../lib/gcc/avr/5.4.0/avr5\libgcc.a(_udivmodhi4.o)
 .text          0x00000000        0x0 c:/program files (x86)/atmel/studio/7.0/toolchain/avr8/avr8-gnu-toolchain/bin/../lib/gcc/avr/5.4.0/../../../../avr/lib/avr5\libc.a(ltoa.o)
 .data          0x00000000        0x0 c:/program files (x86)/atmel/studio/7.0/toolchain/avr8/avr8-gnu-toolchain/bin/../lib/gcc/avr/5.4.0/../../../../avr/lib/avr5\libc.a(ltoa.o)
 .bss           0x00000000        0x0 c:/program files (x86)/atmel/studio/7.0/toolchain/avr8/avr8-gnu-toolchain/bin/../lib/gcc/avr/5.4.0/../../../../avr/lib/avr5\libc.a(ltoa.o)
 .text          0x00000000        0x0 c:/program files (x86)/atmel/studio/7.0/toolchain/avr8/avr8-gnu-toolchain/bin/../lib/gcc/avr/5.4.0/../../../../avr/lib/avr5\libc.a(ltoa_ncheck.o)
 .data          0x00000000        0x0 c:/program files (x86)/atmel/studio/7.0/toolchain/avr8/avr8-gnu-toolchain/bin/../lib/gcc/avr/5.4.0/../../../../avr/lib/avr5\libc.a(ltoa_ncheck.o)
 .bss           0x00000000        0x0 c:/program files (x86)/atmel/studio/7.0/toolchain/avr8/avr8-gnu-toolchain/bin/../lib/gcc/avr/5.4.0/../../../../avr/lib/avr5\libc.a(ltoa_ncheck.o)
 .text          0x00000000        0x0 c:/program files (x86)/atmel/studio/7.0/toolchain/avr8/avr8-gnu-toolchain/bin/../lib/gcc/avr/5.4.0/../../../../avr/lib/avr5\libc.a(ultoa_ncheck.o)
 .data          0x00000000        0x0 c:/program files (x86)/atmel/studio/7.0/toolchain/avr8/avr8-gnu-toolchain/bin/../lib/gcc/avr/5.4.0/../../../../avr/lib/avr5\libc.a(ultoa_ncheck.o)
 .bss           0x00000000        0x0 c:/program files (x86)/atmel/studio/7.0/toolchain/avr8/avr8-gnu-toolchain/bin/../lib/gcc/avr/5.4.0/../../../../avr/lib/avr5\libc.a(ultoa_ncheck.o)
 .text          0x00000000        0x0 c:/program files (x86)/atmel/studio/7.0/toolchain/avr8/avr8-gnu-toolchain/bin/../lib/gcc/avr/5.4.0/../../../../avr/lib/avr5\libc.a(strrev.o)
 .data          0x00000000        0x0 c:/program files (x86)/atmel/studio/7.0/toolchain/avr8/avr8-gnu-toolchain/bin/../lib/gcc/avr/5.4.0/../../../../avr/lib/avr5\libc.a(strrev.o)
 .bss           0x00000000        0x0 c:/program files (x86)/atmel/studio/7.0/toolchain/avr8/avr8-gnu-toolchain/bin/../lib/gcc/avr/5.4.0/../../../../avr/lib/avr5\libc.a(strrev.o)

Memory Configuration

Name             Origin             Length             Attributes
text             0x00000000         0x00020000         xr
data             0x00800060         0x0000ffa0         rw !x
eeprom           0x00810000         0x00010000         rw !x
fuse             0x00820000         0x00000400         rw !x
lock             0x00830000         0x00000400         rw !x
signature        0x00840000         0x00000400         rw !x
user_signatures  0x00850000         0x00000400         rw !x
*default*        0x00000000         0xffffffff

Linker script and memory map

LOAD C:/Program Files (x86)/Atmel/Studio/7.0/Packs/atmel/ATmega_DFP/1.0.106/gcc/dev/atmega32/avr5/crtatmega32.o
LOAD APP/main.o
LOAD HAL/Button1/Button1_interfacing.o
LOAD HAL/BUZZER/BUZZER_Interfacing.o
LOAD HAL/DCMOTOR/MOTOR_Interface.o
LOAD HAL/KEYPAD/Keypad_Interfacing.o
LOAD HAL/LCD/LCD_Interfacing.o
LOAD HAL/LED0/LED0_Interfacing.o
LOAD HAL/LED1/LED1_Interfacing.o
LOAD HAL/LED2/LED2_Interfacing.o
LOAD HAL/LM35/LM35_Interface.o
LOAD HAL/RELAY/RELAY_Interfacing.o
LOAD HAL/SERVO_MOTOR/SERVO_Interface.o
LOAD HAL/Seven_Segment2/Seven_Segment_interfaing.o
LOAD HAL/SEVEN_SEGMENT/SEVSEG_Interfacing.o
LOAD MCAL/ADC/ADC_Interfacing.o
LOAD MCAL/DIO/DIO_interfacing.o
LOAD MCAL/EXT_INTERRUPT/EXT_INTERRUPT_Interfacing.o
LOAD MCAL/SPI_PROTOCOL/SPI_Interfacing.o
LOAD MCAL/timer00/PWM_Interface.o
LOAD MCAL/timer00/TIMER_Interface.o
LOAD MCAL/TWI/TWI_Interface.o
LOAD MCAL/UART/UART_Interface.o
LOAD MCAL/WDT/WDT_Interface.o
START GROUP
LOAD c:/program files (x86)/atmel/studio/7.0/toolchain/avr8/avr8-gnu-toolchain/bin/../lib/gcc/avr/5.4.0/../../../../avr/lib/avr5\libm.a
END GROUP
START GROUP
LOAD c:/program files (x86)/atmel/studio/7.0/toolchain/avr8/avr8-gnu-toolchain/bin/../lib/gcc/avr/5.4.0/avr5\libgcc.a
LOAD c:/program files (x86)/atmel/studio/7.0/toolchain/avr8/avr8-gnu-toolchain/bin/../lib/gcc/avr/5.4.0/../../../../avr/lib/avr5\libm.a
LOAD c:/program files (x86)/atmel/studio/7.0/toolchain/avr8/avr8-gnu-toolchain/bin/../lib/gcc/avr/5.4.0/../../../../avr/lib/avr5\libc.a
LOAD C:/Program Files (x86)/Atmel/Studio/7.0/Packs/atmel/ATmega_DFP/1.0.106/gcc/dev/atmega32/avr5\libatmega32.a
END GROUP
                0x00000000                __TEXT_REGION_ORIGIN__ = DEFINED (__TEXT_REGION_ORIGIN__)?__TEXT_REGION_ORIGIN__:0x0
                0x00800060                __DATA_REGION_ORIGIN__ = DEFINED (__DATA_REGION_ORIGIN__)?__DATA_REGION_ORIGIN__:0x800060
                0x00020000                __TEXT_REGION_LENGTH__ = DEFINED (__TEXT_REGION_LENGTH__)?__TEXT_REGION_LENGTH__:0x20000
                0x0000ffa0                __DATA_REGION_LENGTH__ = DEFINED (__DATA_REGION_LENGTH__)?__DATA_REGION_LENGTH__:0xffa0
                0x00010000                __EEPROM_REGION_LENGTH__ = DEFINED (__EEPROM_REGION_LENGTH__)?__EEPROM_REGION_LENGTH__:0x10000
                0x00000400                __FUSE_REGION_LENGTH__ = DEFINED (__FUSE_REGION_LENGTH__)?__FUSE_REGION_LENGTH__:0x400
                0x00000400                __LOCK_REGION_LENGTH__ = DEFINED (__LOCK_REGION_LENGTH__)?__LOCK_REGION_LENGTH__:0x400
                0x00000400                __SIGNATURE_REGION_LENGTH__ = DEFINED (__SIGNATURE_REGION_LENGTH__)?__SIGNATURE_REGION_LENGTH__:0x400
                0x00000400                __USER_SIGNATURE_REGION_LENGTH__ = DEFINED (__USER_SIGNATURE_REGION_LENGTH__)?__USER_SIGNATURE_REGION_LENGTH__:0x400

.hash
 *(.hash)

.dynsym
 *(.dynsym)

.dynstr
 *(.dynstr)

.gnu.version
 *(.gnu.version)

.gnu.version_d
 *(.gnu.version_d)

.gnu.version_r
 *(.gnu.version_r)

.rel.init
 *(.rel.init)

.rela.init
 *(.rela.init)

.rel.text
 *(.rel.text)
 *(.rel.text.*)
 *(.rel.gnu.linkonce.t*)

.rela.text
 *(.rela.text)
 *(.rela.text.*)
 *(.rela.gnu.linkonce.t*)

.rel.fini
 *(.rel.fini)

.rela.fini
 *(.rela.fini)

.rel.rodata
 *(.rel.rodata)
 *(.rel.rodata.*)
 *(.rel.gnu.linkonce.r*)

.rela.rodata
 *(.rela.rodata)
 *(.rela.rodata.*)
 *(.rela.gnu.linkonce.r*)

.rel.data
 *(.rel.data)
 *(.rel.data.*)
 *(.rel.gnu.linkonce.d*)

.rela.data
 *(.rela.data)
 *(.rela.data.*)
 *(.rela.gnu.linkonce.d*)

.rel.ctors
 *(.rel.ctors)

.rela.ctors
 *(.rela.ctors)

.rel.dtors
 *(.rel.dtors)

.rela.dtors
 *(.rela.dtors)

.rel.got
 *(.rel.got)

.rela.got
 *(.rela.got)

.rel.bss
 *(.rel.bss)

.rela.bss
 *(.rela.bss)

.rel.plt
 *(.rel.plt)

.rela.plt
 *(.rela.plt)

.text           0x00000000     0x13f6
 *(.vectors)
 .vectors       0x00000000       0x54 C:/Program Files (x86)/Atmel/Studio/7.0/Packs/atmel/ATmega_DFP/1.0.106/gcc/dev/atmega32/avr5/crtatmega32.o
                0x00000000                __vector_default
                0x00000000                __vectors
 *(.vectors)
 *(.progmem.gcc*)
 .progmem.gcc_sw_table.ADC_Initialization
                0x00000054       0x10 MCAL/ADC/ADC_Interfacing.o
 .progmem.gcc_sw_table.ADC_READ
                0x00000064       0x10 MCAL/ADC/ADC_Interfacing.o
                0x00000074                . = ALIGN (0x2)
                0x00000074                __trampolines_start = .
 *(.trampolines)
 .trampolines   0x00000074        0x0 linker stubs
 *(.trampolines*)
                0x00000074                __trampolines_end = .
 *libprintf_flt.a:*(.progmem.data)
 *libc.a:*(.progmem.data)
 *(.progmem*)
                0x00000074                . = ALIGN (0x2)
 *(.jumptables)
 *(.jumptables*)
 *(.lowtext)
 *(.lowtext*)
                0x00000074                __ctors_start = .
 *(.ctors)
                0x00000074                __ctors_end = .
                0x00000074                __dtors_start = .
 *(.dtors)
                0x00000074                __dtors_end = .
 SORT(*)(.ctors)
 SORT(*)(.dtors)
 *(.init0)
 .init0         0x00000074        0x0 C:/Program Files (x86)/Atmel/Studio/7.0/Packs/atmel/ATmega_DFP/1.0.106/gcc/dev/atmega32/avr5/crtatmega32.o
                0x00000074                __init
 *(.init0)
 *(.init1)
 *(.init1)
 *(.init2)
 .init2         0x00000074        0xc C:/Program Files (x86)/Atmel/Studio/7.0/Packs/atmel/ATmega_DFP/1.0.106/gcc/dev/atmega32/avr5/crtatmega32.o
 *(.init2)
 *(.init3)
 *(.init3)
 *(.init4)
 .init4         0x00000080       0x16 c:/program files (x86)/atmel/studio/7.0/toolchain/avr8/avr8-gnu-toolchain/bin/../lib/gcc/avr/5.4.0/avr5\libgcc.a(_copy_data.o)
                0x00000080                __do_copy_data
 .init4         0x00000096       0x10 c:/program files (x86)/atmel/studio/7.0/toolchain/avr8/avr8-gnu-toolchain/bin/../lib/gcc/avr/5.4.0/avr5\libgcc.a(_clear_bss.o)
                0x00000096                __do_clear_bss
 *(.init4)
 *(.init5)
 *(.init5)
 *(.init6)
 *(.init6)
 *(.init7)
 *(.init7)
 *(.init8)
 *(.init8)
 *(.init9)
 .init9         0x000000a6        0x8 C:/Program Files (x86)/Atmel/Studio/7.0/Packs/atmel/ATmega_DFP/1.0.106/gcc/dev/atmega32/avr5/crtatmega32.o
 *(.init9)
 *(.text)
 .text          0x000000ae        0x4 C:/Program Files (x86)/Atmel/Studio/7.0/Packs/atmel/ATmega_DFP/1.0.106/gcc/dev/atmega32/avr5/crtatmega32.o
                0x000000ae                __vector_12
                0x000000ae                __bad_interrupt
                0x000000ae                __vector_6
                0x000000ae                __vector_3
                0x000000ae                __vector_11
                0x000000ae                __vector_13
                0x000000ae                __vector_17
                0x000000ae                __vector_19
                0x000000ae                __vector_7
                0x000000ae                __vector_5
                0x000000ae                __vector_4
                0x000000ae                __vector_9
                0x000000ae                __vector_15
                0x000000ae                __vector_8
                0x000000ae                __vector_14
                0x000000ae                __vector_10
                0x000000ae                __vector_16
                0x000000ae                __vector_18
                0x000000ae                __vector_20
                0x000000b2                . = ALIGN (0x2)
 *(.text.*)
 .text.main     0x000000b2      0x9ea APP/main.o
                0x000000b2                main
 .text.__vector_1
                0x00000a9c       0x84 APP/main.o
                0x00000a9c                __vector_1
 .text.__vector_2
                0x00000b20       0x60 APP/main.o
                0x00000b20                __vector_2
 .text.BUZZER_Initialize
                0x00000b80        0xc HAL/BUZZER/BUZZER_Interfacing.o
                0x00000b80                BUZZER_Initialize
 .text.BUZZER_ON
                0x00000b8c        0xc HAL/BUZZER/BUZZER_Interfacing.o
                0x00000b8c                BUZZER_ON
 .text.BUZZER_OFF
                0x00000b98        0xc HAL/BUZZER/BUZZER_Interfacing.o
                0x00000b98                BUZZER_OFF
 .text.Motor_Initialize
                0x00000ba4       0x3e HAL/DCMOTOR/MOTOR_Interface.o
                0x00000ba4                Motor_Initialize
 .text.Motor_ON
                0x00000be2       0x98 HAL/DCMOTOR/MOTOR_Interface.o
                0x00000be2                Motor_ON
 .text.Motor_OFF
                0x00000c7a       0x24 HAL/DCMOTOR/MOTOR_Interface.o
                0x00000c7a                Motor_OFF
 .text.LCD_Write_Command
                0x00000c9e       0x82 HAL/LCD/LCD_Interfacing.o
                0x00000c9e                LCD_Write_Command
 .text.LCD_Initialize
                0x00000d20       0x72 HAL/LCD/LCD_Interfacing.o
                0x00000d20                LCD_Initialize
 .text.LCD_Write_Character
                0x00000d92       0x82 HAL/LCD/LCD_Interfacing.o
                0x00000d92                LCD_Write_Character
 .text.LCD_Write_string
                0x00000e14       0x2a HAL/LCD/LCD_Interfacing.o
                0x00000e14                LCD_Write_string
 .text.LCD_Write_Number
                0x00000e3e       0x3c HAL/LCD/LCD_Interfacing.o
                0x00000e3e                LCD_Write_Number
 .text.LCD_ClearScreen
                0x00000e7a        0x8 HAL/LCD/LCD_Interfacing.o
                0x00000e7a                LCD_ClearScreen
 .text.LED0_Initialize
                0x00000e82        0xc HAL/LED0/LED0_Interfacing.o
                0x00000e82                LED0_Initialize
 .text.LED0_OFF
                0x00000e8e        0xc HAL/LED0/LED0_Interfacing.o
                0x00000e8e                LED0_OFF
 .text.LED0_TGL
                0x00000e9a        0xa HAL/LED0/LED0_Interfacing.o
                0x00000e9a                LED0_TGL
 .text.LED1_OFF
                0x00000ea4        0xc HAL/LED1/LED1_Interfacing.o
                0x00000ea4                LED1_OFF
 .text.LED1_TGL
                0x00000eb0        0xa HAL/LED1/LED1_Interfacing.o
                0x00000eb0                LED1_TGL
 .text.LED2_ON  0x00000eba        0xc HAL/LED2/LED2_Interfacing.o
                0x00000eba                LED2_ON
 .text.First_LM35_read
                0x00000ec6       0x28 HAL/LM35/LM35_Interface.o
                0x00000ec6                First_LM35_read
 .text.Second_LM35_read
                0x00000eee       0x28 HAL/LM35/LM35_Interface.o
                0x00000eee                Second_LM35_read
 .text.ADC_Initialization
                0x00000f16       0x80 MCAL/ADC/ADC_Interfacing.o
                0x00000f16                ADC_Initialization
 .text.ADC_READ
                0x00000f96       0x7c MCAL/ADC/ADC_Interfacing.o
                0x00000f96                ADC_READ
 .text.DIO_SETPIN_DIRECTION
                0x00001012       0xe2 MCAL/DIO/DIO_interfacing.o
                0x00001012                DIO_SETPIN_DIRECTION
 .text.DIO_SETPIN_VALUE
                0x000010f4       0xe2 MCAL/DIO/DIO_interfacing.o
                0x000010f4                DIO_SETPIN_VALUE
 .text.DIO_TOGPIN_VALUE
                0x000011d6       0x68 MCAL/DIO/DIO_interfacing.o
                0x000011d6                DIO_TOGPIN_VALUE
 .text.EXT_INTERRUPT_Initialization
                0x0000123e       0xb2 MCAL/EXT_INTERRUPT/EXT_INTERRUPT_Interfacing.o
                0x0000123e                EXT_INTERRUPT_Initialization
 .text.UART_Initialize
                0x000012f0       0x18 MCAL/UART/UART_Interface.o
                0x000012f0                UART_Initialize
 .text.UART_Received
                0x00001308        0x8 MCAL/UART/UART_Interface.o
                0x00001308                UART_Received
 .text.UART_SENDSTRING
                0x00001310       0x18 MCAL/UART/UART_Interface.o
                0x00001310                UART_SENDSTRING
 .text.uart_sendchar
                0x00001328        0x8 MCAL/UART/UART_Interface.o
                0x00001328                uart_sendchar
 .text.libgcc   0x00001330        0xc c:/program files (x86)/atmel/studio/7.0/toolchain/avr8/avr8-gnu-toolchain/bin/../lib/gcc/avr/5.4.0/avr5\libgcc.a(_tablejump2.o)
                0x00001330                __tablejump2__
 .text.libgcc.mul
                0x0000133c       0x1e c:/program files (x86)/atmel/studio/7.0/toolchain/avr8/avr8-gnu-toolchain/bin/../lib/gcc/avr/5.4.0/avr5\libgcc.a(_umulhisi3.o)
                0x0000133c                __umulhisi3
 .text.avr-libc
                0x0000135a       0x16 c:/program files (x86)/atmel/studio/7.0/toolchain/avr8/avr8-gnu-toolchain/bin/../lib/gcc/avr/5.4.0/../../../../avr/lib/avr5\libc.a(ltoa.o)
                0x0000135a                ltoa
                0x0000135a                __ltoa
 .text.avr-libc
                0x00001370       0x1e c:/program files (x86)/atmel/studio/7.0/toolchain/avr8/avr8-gnu-toolchain/bin/../lib/gcc/avr/5.4.0/../../../../avr/lib/avr5\libc.a(ltoa_ncheck.o)
                0x00001370                __ltoa_ncheck
 .text.avr-libc
                0x0000138e       0x44 c:/program files (x86)/atmel/studio/7.0/toolchain/avr8/avr8-gnu-toolchain/bin/../lib/gcc/avr/5.4.0/../../../../avr/lib/avr5\libc.a(ultoa_ncheck.o)
                0x0000138e                __ultoa_ncheck
                0x00001390                __ultoa_common
 .text.avr-libc
                0x000013d2       0x20 c:/program files (x86)/atmel/studio/7.0/toolchain/avr8/avr8-gnu-toolchain/bin/../lib/gcc/avr/5.4.0/../../../../avr/lib/avr5\libc.a(strrev.o)
                0x000013d2                strrev
                0x000013f2                . = ALIGN (0x2)
 *(.fini9)
 .fini9         0x000013f2        0x0 c:/program files (x86)/atmel/studio/7.0/toolchain/avr8/avr8-gnu-toolchain/bin/../lib/gcc/avr/5.4.0/avr5\libgcc.a(_exit.o)
                0x000013f2                _exit
                0x000013f2                exit
 *(.fini9)
 *(.fini8)
 *(.fini8)
 *(.fini7)
 *(.fini7)
 *(.fini6)
 *(.fini6)
 *(.fini5)
 *(.fini5)
 *(.fini4)
 *(.fini4)
 *(.fini3)
 *(.fini3)
 *(.fini2)
 *(.fini2)
 *(.fini1)
 *(.fini1)
 *(.fini0)
 .fini0         0x000013f2        0x4 c:/program files (x86)/atmel/studio/7.0/toolchain/avr8/avr8-gnu-toolchain/bin/../lib/gcc/avr/5.4.0/avr5\libgcc.a(_exit.o)
 *(.fini0)
                0x000013f6                _etext = .

.data           0x00800060      0x386 load address 0x000013f6
                0x00800060                PROVIDE (__data_start, .)
 *(.data)
 *(.data*)
 *(.gnu.linkonce.d*)
 *(.rodata)
 *(.rodata*)
 .rodata.str1.1
                0x00800060      0x386 APP/main.o
                                0x389 (size before relaxing)
 *(.gnu.linkonce.r*)
                0x008003e6                . = ALIGN (0x2)
                0x008003e6                _edata = .
                0x008003e6                PROVIDE (__data_end, .)

.bss            0x008003e6        0x0
                0x008003e6                PROVIDE (__bss_start, .)
 *(.bss)
 *(.bss*)
 *(COMMON)
                0x008003e6                PROVIDE (__bss_end, .)
                0x000013f6                __data_load_start = LOADADDR (.data)
                0x0000177c                __data_load_end = (__data_load_start + SIZEOF (.data))

.noinit         0x008003e6        0x0
                [!provide]                PROVIDE (__noinit_start, .)
 *(.noinit*)
                [!provide]                PROVIDE (__noinit_end, .)
                0x008003e6                _end = .
                [!provide]                PROVIDE (__heap_start, .)

.eeprom         0x00810000        0x0
 *(.eeprom*)
                0x00810000                __eeprom_end = .

.fuse
 *(.fuse)
 *(.lfuse)
 *(.hfuse)
 *(.efuse)

.lock
 *(.lock*)

.signature
 *(.signature*)

.user_signatures
 *(.user_signatures*)

.stab
 *(.stab)

.stabstr
 *(.stabstr)

.stab.excl
 *(.stab.excl)

.stab.exclstr
 *(.stab.exclstr)

.stab.index
 *(.stab.index)

.stab.indexstr
 *(.stab.indexstr)

.comment        0x00000000       0x30
 *(.comment)
 .comment       0x00000000       0x30 APP/main.o
                                 0x31 (size before relaxing)
 .comment       0x00000030       0x31 HAL/BUZZER/BUZZER_Interfacing.o
 .comment       0x00000030       0x31 HAL/DCMOTOR/MOTOR_Interface.o
 .comment       0x00000030       0x31 HAL/LCD/LCD_Interfacing.o
 .comment       0x00000030       0x31 HAL/LED0/LED0_Interfacing.o
 .comment       0x00000030       0x31 HAL/LED1/LED1_Interfacing.o
 .comment       0x00000030       0x31 HAL/LED2/LED2_Interfacing.o
 .comment       0x00000030       0x31 HAL/LM35/LM35_Interface.o
 .comment       0x00000030       0x31 MCAL/ADC/ADC_Interfacing.o
 .comment       0x00000030       0x31 MCAL/DIO/DIO_interfacing.o
 .comment       0x00000030       0x31 MCAL/EXT_INTERRUPT/EXT_INTERRUPT_Interfacing.o
 .comment       0x00000030       0x31 MCAL/UART/UART_Interface.o

.note.gnu.avr.deviceinfo
                0x00000000       0x3c
 .note.gnu.avr.deviceinfo
                0x00000000       0x3c C:/Program Files (x86)/Atmel/Studio/7.0/Packs/atmel/ATmega_DFP/1.0.106/gcc/dev/atmega32/avr5/crtatmega32.o

.note.gnu.build-id
 *(.note.gnu.build-id)

.debug
 *(.debug)

.line
 *(.line)

.debug_srcinfo
 *(.debug_srcinfo)

.debug_sfnames
 *(.debug_sfnames)

.debug_aranges  0x00000000      0x2e8
 *(.debug_aranges)
 .debug_aranges
                0x00000000       0x30 APP/main.o
 .debug_aranges
                0x00000030       0x38 HAL/BUZZER/BUZZER_Interfacing.o
 .debug_aranges
                0x00000068       0x30 HAL/DCMOTOR/MOTOR_Interface.o
 .debug_aranges
                0x00000098       0x78 HAL/LCD/LCD_Interfacing.o
 .debug_aranges
                0x00000110       0x38 HAL/LED0/LED0_Interfacing.o
 .debug_aranges
                0x00000148       0x38 HAL/LED1/LED1_Interfacing.o
 .debug_aranges
                0x00000180       0x38 HAL/LED2/LED2_Interfacing.o
 .debug_aranges
                0x000001b8       0x30 HAL/LM35/LM35_Interface.o
 .debug_aranges
                0x000001e8       0x28 MCAL/ADC/ADC_Interfacing.o
 .debug_aranges
                0x00000210       0x60 MCAL/DIO/DIO_interfacing.o
 .debug_aranges
                0x00000270       0x20 MCAL/EXT_INTERRUPT/EXT_INTERRUPT_Interfacing.o
 .debug_aranges
                0x00000290       0x58 MCAL/UART/UART_Interface.o

.debug_pubnames
 *(.debug_pubnames)

.debug_info     0x00000000     0x4035
 *(.debug_info .gnu.linkonce.wi.*)
 .debug_info    0x00000000     0x1ec9 APP/main.o
 .debug_info    0x00001ec9      0x1c7 HAL/BUZZER/BUZZER_Interfacing.o
 .debug_info    0x00002090      0x447 HAL/DCMOTOR/MOTOR_Interface.o
 .debug_info    0x000024d7      0xadf HAL/LCD/LCD_Interfacing.o
 .debug_info    0x00002fb6      0x1c7 HAL/LED0/LED0_Interfacing.o
 .debug_info    0x0000317d      0x1c7 HAL/LED1/LED1_Interfacing.o
 .debug_info    0x00003344      0x1c7 HAL/LED2/LED2_Interfacing.o
 .debug_info    0x0000350b      0x1ef HAL/LM35/LM35_Interface.o
 .debug_info    0x000036fa      0x1c2 MCAL/ADC/ADC_Interfacing.o
 .debug_info    0x000038bc      0x35c MCAL/DIO/DIO_interfacing.o
 .debug_info    0x00003c18      0x116 MCAL/EXT_INTERRUPT/EXT_INTERRUPT_Interfacing.o
 .debug_info    0x00003d2e      0x307 MCAL/UART/UART_Interface.o

.debug_abbrev   0x00000000      0xa45
 *(.debug_abbrev)
 .debug_abbrev  0x00000000      0x182 APP/main.o
 .debug_abbrev  0x00000182       0x87 HAL/BUZZER/BUZZER_Interfacing.o
 .debug_abbrev  0x00000209       0xb0 HAL/DCMOTOR/MOTOR_Interface.o
 .debug_abbrev  0x000002b9      0x212 HAL/LCD/LCD_Interfacing.o
 .debug_abbrev  0x000004cb       0x87 HAL/LED0/LED0_Interfacing.o
 .debug_abbrev  0x00000552       0x87 HAL/LED1/LED1_Interfacing.o
 .debug_abbrev  0x000005d9       0x87 HAL/LED2/LED2_Interfacing.o
 .debug_abbrev  0x00000660       0xb4 HAL/LM35/LM35_Interface.o
 .debug_abbrev  0x00000714       0xb2 MCAL/ADC/ADC_Interfacing.o
 .debug_abbrev  0x000007c6       0xea MCAL/DIO/DIO_interfacing.o
 .debug_abbrev  0x000008b0       0x90 MCAL/EXT_INTERRUPT/EXT_INTERRUPT_Interfacing.o
 .debug_abbrev  0x00000940      0x105 MCAL/UART/UART_Interface.o

.debug_line     0x00000000     0x1f0f
 *(.debug_line .debug_line.* .debug_line_end)
 .debug_line    0x00000000      0xb07 APP/main.o
 .debug_line    0x00000b07       0xcc HAL/BUZZER/BUZZER_Interfacing.o
 .debug_line    0x00000bd3      0x161 HAL/DCMOTOR/MOTOR_Interface.o
 .debug_line    0x00000d34      0x476 HAL/LCD/LCD_Interfacing.o
 .debug_line    0x000011aa       0xc8 HAL/LED0/LED0_Interfacing.o
 .debug_line    0x00001272       0xc8 HAL/LED1/LED1_Interfacing.o
 .debug_line    0x0000133a       0xc8 HAL/LED2/LED2_Interfacing.o
 .debug_line    0x00001402      0x136 HAL/LM35/LM35_Interface.o
 .debug_line    0x00001538      0x1f9 MCAL/ADC/ADC_Interfacing.o
 .debug_line    0x00001731      0x40f MCAL/DIO/DIO_interfacing.o
 .debug_line    0x00001b40      0x166 MCAL/EXT_INTERRUPT/EXT_INTERRUPT_Interfacing.o
 .debug_line    0x00001ca6      0x269 MCAL/UART/UART_Interface.o

.debug_frame    0x00000000      0x604
 *(.debug_frame)
 .debug_frame   0x00000000       0xf4 APP/main.o
 .debug_frame   0x000000f4       0x54 HAL/BUZZER/BUZZER_Interfacing.o
 .debug_frame   0x00000148       0x44 HAL/DCMOTOR/MOTOR_Interface.o
 .debug_frame   0x0000018c      0x1a8 HAL/LCD/LCD_Interfacing.o
 .debug_frame   0x00000334       0x54 HAL/LED0/LED0_Interfacing.o
 .debug_frame   0x00000388       0x54 HAL/LED1/LED1_Interfacing.o
 .debug_frame   0x000003dc       0x54 HAL/LED2/LED2_Interfacing.o
 .debug_frame   0x00000430       0x44 HAL/LM35/LM35_Interface.o
 .debug_frame   0x00000474       0x34 MCAL/ADC/ADC_Interfacing.o
 .debug_frame   0x000004a8       0xa4 MCAL/DIO/DIO_interfacing.o
 .debug_frame   0x0000054c       0x24 MCAL/EXT_INTERRUPT/EXT_INTERRUPT_Interfacing.o
 .debug_frame   0x00000570       0x94 MCAL/UART/UART_Interface.o

.debug_str      0x00000000      0x9fe
 *(.debug_str)
 .debug_str     0x00000000      0x521 APP/main.o
                                0x569 (size before relaxing)
 .debug_str     0x00000521       0x2e HAL/BUZZER/BUZZER_Interfacing.o
                                0x249 (size before relaxing)
 .debug_str     0x0000054f       0x49 HAL/DCMOTOR/MOTOR_Interface.o
                                0x2ca (size before relaxing)
 .debug_str     0x00000598       0xed HAL/LCD/LCD_Interfacing.o
                                0x3c8 (size before relaxing)
 .debug_str     0x00000685       0x27 HAL/LED0/LED0_Interfacing.o
                                0x23d (size before relaxing)
 .debug_str     0x000006ac       0x37 HAL/LED1/LED1_Interfacing.o
                                0x23d (size before relaxing)
 .debug_str     0x000006e3       0x41 HAL/LED2/LED2_Interfacing.o
                                0x23d (size before relaxing)
 .debug_str     0x00000724       0x7b HAL/LM35/LM35_Interface.o
                                0x222 (size before relaxing)
 .debug_str     0x0000079f       0x5c MCAL/ADC/ADC_Interfacing.o
                                0x299 (size before relaxing)
 .debug_str     0x000007fb       0xce MCAL/DIO/DIO_interfacing.o
                                0x318 (size before relaxing)
 .debug_str     0x000008c9       0x58 MCAL/EXT_INTERRUPT/EXT_INTERRUPT_Interfacing.o
                                0x21b (size before relaxing)
 .debug_str     0x00000921       0xdd MCAL/UART/UART_Interface.o
                                0x2f8 (size before relaxing)

.debug_loc      0x00000000     0x20e3
 *(.debug_loc)
 .debug_loc     0x00000000      0xce3 APP/main.o
 .debug_loc     0x00000ce3       0xf9 HAL/DCMOTOR/MOTOR_Interface.o
 .debug_loc     0x00000ddc      0xa7f HAL/LCD/LCD_Interfacing.o
 .debug_loc     0x0000185b      0x11a HAL/LM35/LM35_Interface.o
 .debug_loc     0x00001975       0x45 MCAL/ADC/ADC_Interfacing.o
 .debug_loc     0x000019ba      0x5bc MCAL/DIO/DIO_interfacing.o
 .debug_loc     0x00001f76       0xd0 MCAL/EXT_INTERRUPT/EXT_INTERRUPT_Interfacing.o
 .debug_loc     0x00002046       0x9d MCAL/UART/UART_Interface.o

.debug_macinfo
 *(.debug_macinfo)

.debug_weaknames
 *(.debug_weaknames)

.debug_funcnames
 *(.debug_funcnames)

.debug_typenames
 *(.debug_typenames)

.debug_varnames
 *(.debug_varnames)

.debug_pubtypes
 *(.debug_pubtypes)

.debug_ranges   0x00000000      0x228
 *(.debug_ranges)
 .debug_ranges  0x00000000       0x20 APP/main.o
 .debug_ranges  0x00000020       0x28 HAL/BUZZER/BUZZER_Interfacing.o
 .debug_ranges  0x00000048       0x20 HAL/DCMOTOR/MOTOR_Interface.o
 .debug_ranges  0x00000068       0x68 HAL/LCD/LCD_Interfacing.o
 .debug_ranges  0x000000d0       0x28 HAL/LED0/LED0_Interfacing.o
 .debug_ranges  0x000000f8       0x28 HAL/LED1/LED1_Interfacing.o
 .debug_ranges  0x00000120       0x28 HAL/LED2/LED2_Interfacing.o
 .debug_ranges  0x00000148       0x20 HAL/LM35/LM35_Interface.o
 .debug_ranges  0x00000168       0x18 MCAL/ADC/ADC_Interfacing.o
 .debug_ranges  0x00000180       0x50 MCAL/DIO/DIO_interfacing.o
 .debug_ranges  0x000001d0       0x10 MCAL/EXT_INTERRUPT/EXT_INTERRUPT_Interfacing.o
 .debug_ranges  0x000001e0       0x48 MCAL/UART/UART_Interface.o

.debug_macro
 *(.debug_macro)
OUTPUT(trial.elf elf32-avr)
LOAD linker stubs
